Archive member included because of file (symbol)

C:\Program Files (x86)\VEX Robotics\VEXcode Pro V5\sdk/vexv5\libv5rt.a(v5_startup.c.obj)
                              (vexStartup)
C:\Program Files (x86)\VEX Robotics\VEXcode Pro V5\sdk/vexv5\libv5rt.a(v5_util.c.obj)
                              C:\Program Files (x86)\VEX Robotics\VEXcode Pro V5\sdk/vexv5\libv5rt.a(v5_startup.c.obj) (vexStdlibVersionLinked)
C:\Program Files (x86)\VEX Robotics\VEXcode Pro V5\sdk/vexv5\libv5rt.a(v5_apijump.c.obj)
                              C:\Program Files (x86)\VEX Robotics\VEXcode Pro V5\sdk/vexv5\libv5rt.a(v5_startup.c.obj) (vexPrivateApiEnable)
C:\Program Files (x86)\VEX Robotics\VEXcode Pro V5\sdk/vexv5\libv5rt.a(v5_apiversions.c.obj)
                              C:\Program Files (x86)\VEX Robotics\VEXcode Pro V5\sdk/vexv5\libv5rt.a(v5_apijump.c.obj) (vexSystemVersion)
C:\Program Files (x86)\VEX Robotics\VEXcode Pro V5\sdk/vexv5\libv5rt.a(vex_global.cpp.obj)
                              build/src/screen/screen_display_choose.o (vex::cyan)
C:\Program Files (x86)\VEX Robotics\VEXcode Pro V5\sdk/vexv5\libv5rt.a(vex_device.cpp.obj)
                              build/src/screen/disp_page_ports.o (vex::device::index())
C:\Program Files (x86)\VEX Robotics\VEXcode Pro V5\sdk/vexv5\libv5rt.a(vex_motor.cpp.obj)
                              build/src/Hchasis/Hchasis_lib_curve_move.o (vex::motor::~motor())
C:\Program Files (x86)\VEX Robotics\VEXcode Pro V5\sdk/vexv5\libv5rt.a(vex_vision.cpp.obj)
                              build/src/IO_setups/IO_setup_77921F.o (vex::vision::~vision())
C:\Program Files (x86)\VEX Robotics\VEXcode Pro V5\sdk/vexv5\libv5rt.a(vex_imu.cpp.obj)
                              build/src/IO_setups/IO_setup_77921F.o (vex::inertial::~inertial())
C:\Program Files (x86)\VEX Robotics\VEXcode Pro V5\sdk/vexv5\libv5rt.a(vex_controller.cpp.obj)
                              build/src/_main.o (vex::controller::~controller())
C:\Program Files (x86)\VEX Robotics\VEXcode Pro V5\sdk/vexv5\libv5rt.a(vex_thread.cpp.obj)
                              build/src/usercontrol.o (vex::thread::thread(int (*)()))
C:\Program Files (x86)\VEX Robotics\VEXcode Pro V5\sdk/vexv5\libv5rt.a(vex_event.cpp.obj)
                              C:\Program Files (x86)\VEX Robotics\VEXcode Pro V5\sdk/vexv5\libv5rt.a(vex_imu.cpp.obj) (vex::event::init(unsigned long, unsigned long, void (*)()))
C:\Program Files (x86)\VEX Robotics\VEXcode Pro V5\sdk/vexv5\libv5rt.a(vex_mevent.cpp.obj)
                              C:\Program Files (x86)\VEX Robotics\VEXcode Pro V5\sdk/vexv5\libv5rt.a(vex_controller.cpp.obj) (vex::mevent::mevent(unsigned long, unsigned long))
C:\Program Files (x86)\VEX Robotics\VEXcode Pro V5\sdk/vexv5\libv5rt.a(vex_brain.cpp.obj)
                              build/src/VirtualButton/_system_pen_color_font.o (vex::brain::lcd::setFont(vex::fontType))
C:\Program Files (x86)\VEX Robotics\VEXcode Pro V5\sdk/vexv5\libv5rt.a(vex_competition.cpp.obj)
                              build/src/_main.o (vex::competition::competition())
C:\Program Files (x86)\VEX Robotics\VEXcode Pro V5\sdk/vexv5\libv5rt.a(vex_triport.cpp.obj)
                              C:\Program Files (x86)\VEX Robotics\VEXcode Pro V5\sdk/vexv5\libv5rt.a(vex_brain.cpp.obj) (vex::triport::~triport())
C:\Program Files (x86)\VEX Robotics\VEXcode Pro V5\sdk/vexv5\libv5rt.a(vex_color.cpp.obj)
                              build/src/screen/screen_display_choose.o (vex::color::~color())
C:\Program Files (x86)\VEX Robotics\VEXcode Pro V5\sdk/vexv5\libv5rt.a(vex_timer.cpp.obj)
                              build/src/autonomous.o (vex::timer::~timer())
C:\Program Files (x86)\VEX Robotics\VEXcode Pro V5\sdk/vexv5\libv5rt.a(vex_motorgroup.cpp.obj)
                              build/src/globals/global_variables.o (vex::motor_group::motor_group())
C:\Program Files (x86)\VEX Robotics\VEXcode Pro V5\sdk/vexv5\libv5rt.a(v5_apiuser.c.obj)
                              C:\Program Files (x86)\VEX Robotics\VEXcode Pro V5\sdk/vexv5\libv5rt.a(vex_triport.cpp.obj) (vexAdiPortConfigSet)
C:\Program Files (x86)\VEX Robotics\VEXcode Pro V5\sdk/vexv5\libv5rt.a(vex_task.cpp.obj)
                              C:\Program Files (x86)\VEX Robotics\VEXcode Pro V5\sdk/vexv5\libv5rt.a(vex_competition.cpp.obj) (vex::task::task(int (*)()))
C:\Program Files (x86)\VEX Robotics\VEXcode Pro V5\sdk/vexv5/gcc/libs\libc.a(lib_a-aeabi_memcpy.o)
                              build/src/screen/disp_page_ports.o (__aeabi_memcpy)
C:\Program Files (x86)\VEX Robotics\VEXcode Pro V5\sdk/vexv5/gcc/libs\libc.a(lib_a-aeabi_memmove-soft.o)
                              build/src/globals/global_variables.o (__aeabi_memmove4)
C:\Program Files (x86)\VEX Robotics\VEXcode Pro V5\sdk/vexv5/gcc/libs\libc.a(lib_a-fini.o)
                              C:\Program Files (x86)\VEX Robotics\VEXcode Pro V5\sdk/vexv5\libv5rt.a(v5_startup.c.obj) (__libc_fini_array)
[...]
Memory Configuration

Name             Origin             Length             Attributes
ps7_ddr_0_S_AXI_BASEADDR 0x03800000         0x04800000
*default*        0x00000000         0xffffffff

Linker script and memory map

                0x00002000                _STACK_SIZE = DEFINED (_STACK_SIZE)?_STACK_SIZE:0x2000
                0x00100000                _HEAP_SIZE = DEFINED (_HEAP_SIZE)?_HEAP_SIZE:0x100000
                0x00000400                _ABORT_STACK_SIZE = DEFINED (_ABORT_STACK_SIZE)?_ABORT_STACK_SIZE:0x400
                0x00000800                _SUPERVISOR_STACK_SIZE = DEFINED (_SUPERVISOR_STACK_SIZE)?_SUPERVISOR_STACK_SIZE:0x800
                0x00000400                _IRQ_STACK_SIZE = DEFINED (_IRQ_STACK_SIZE)?_IRQ_STACK_SIZE:0x400
                0x00000400                _FIQ_STACK_SIZE = DEFINED (_FIQ_STACK_SIZE)?_FIQ_STACK_SIZE:0x400
                0x00000400                _UNDEF_STACK_SIZE = DEFINED (_UNDEF_STACK_SIZE)?_UNDEF_STACK_SIZE:0x400

.text           0x03800000     0xc478
 *(.vectors)
 *(.boot_data)
 .boot_data     0x03800000       0x20 C:\Program Files (x86)\VEX Robotics\VEXcode Pro V5\sdk/vexv5\libv5rt.a(v5_startup.c.obj)
                0x03800000                vexCodeSig
                0x00000020                . = 0x20
 *(.boot)
 .boot          0x03800020       0xbc C:\Program Files (x86)\VEX Robotics\VEXcode Pro V5\sdk/vexv5\libv5rt.a(v5_startup.c.obj)
                0x03800020                vexStartup
                0x03800100                . = ALIGN (0x40)
 *fill*         0x038000dc       0x24 
 *(.freertos_vectors)
 *(.text)
 .text          0x03800100       0x3a C:\Program Files (x86)\VEX Robotics\VEXcode Pro V5\sdk/vexv5/gcc/libs\libc.a(lib_a-aeabi_memmove-soft.o)
                0x03800100                __aeabi_memmove4
                0x03800100                __aeabi_memmove
                0x03800100                __aeabi_memmove8
 *(.text.*)
 *fill*         0x0380013a        0x2 
 .text.main     0x0380013c      0x194 build/src/_main.o
                0x0380013c                main
 .text._GLOBAL__sub_I__main.cpp
                0x038002d0       0xa4 build/src/_main.o
 *fill*         0x03800374        0x4 
 .text._Z12_usercontrolv
                0x03800378      0x110 build/src/usercontrol.o
                0x03800378                _usercontrol()
 .text._GLOBAL__sub_I_usercontrol.cpp
                0x03800488       0x34 build/src/usercontrol.o
 .text._Z19auto_thread_routinev
                0x038004bc        0x4 build/src/autonomous.o
                0x038004bc                auto_thread_routine()
 .text._Z11_autonomousv
                0x038004c0      0x190 build/src/autonomous.o
                0x038004c0                _autonomous()
 .text._GLOBAL__sub_I_autonomous.cpp
                0x03800650       0x58 build/src/autonomous.o
 .text._Z19run_auto_backgroundv
                0x038006a8      0x120 build/src/special_handle.o
                0x038006a8                run_auto_background()
 .text._Z17chasis_motor_testRN3vex10controller6buttonERNS_5motorERi
                0x038007c8       0x98 build/src/special_handle.o
                0x038007c8                chasis_motor_test(vex::controller::button&, vex::motor&, int&)
 .text._Z18special_key_handlev
                0x03800860      0x1c8 build/src/special_handle.o
                0x03800860                special_key_handle()
 .text._GLOBAL__sub_I_special_handle.cpp
                0x03800a28       0x34 build/src/special_handle.o
 .text._Z28controller_print_team_numberv
                0x03800a5c       0x3c build/src/pre_auto.o
                0x03800a5c                controller_print_team_number()
 .text._Z9pre_autonv
                0x03800a98       0xb0 build/src/pre_auto.o
                0x03800a98                pre_auton()
 .text._GLOBAL__sub_I_pre_auto.cpp
                0x03800b48       0x34 build/src/pre_auto.o
 .text._Z4waiti
                0x03800b7c        0x4 build/src/_math_func.o
                0x03800b7c                wait(int)
 .text._Z9max_limitRdd
                0x03800b80       0x4c build/src/_math_func.o
                0x03800b80                max_limit(double&, double)
 .text._Z14zero_out_blindRdd
                0x03800bcc       0x30 build/src/_math_func.o
                0x03800bcc                zero_out_blind(double&, double)
 .text._GLOBAL__sub_I__math_func.cpp
                0x03800bfc       0x34 build/src/_math_func.o
 .text._ZN10ActionUnit29act_for_enc_service_cb_staticEPv
                0x03800c30      0x124 build/src/ActionUnit/ActionUnit_act.o
                0x03800c30                ActionUnit::act_for_enc_service_cb_static(void*)
 .text._ZN10ActionUnit12_act_for_encEbddibiN3vex13rotationUnitsENS0_13velocityUnitsE
                0x03800d54      0x13c build/src/ActionUnit/ActionUnit_act.o
                0x03800d54                ActionUnit::_act_for_enc(bool, double, double, int, bool, int, vex::rotationUnits, vex::velocityUnits)
 .text._ZN10ActionUnit20act_for_enc_relativeEddibiN3vex13rotationUnitsENS0_13velocityUnitsE
                0x03800e90       0x4c build/src/ActionUnit/ActionUnit_act.o
                0x03800e90                ActionUnit::act_for_enc_relative(double, double, int, bool, int, vex::rotationUnits, vex::velocityUnits)
 .text._GLOBAL__sub_I_ActionUnit_act.cpp
                0x03800edc       0x34 build/src/ActionUnit/ActionUnit_act.o
 .text._ZNSt6vectorIP10ActionUnitSaIS1_EED2Ev
                0x03800f10       0x24 build/src/ActionUnit/ActionUnit_basic.o
                0x03800f10                std::vector<ActionUnit*, std::allocator<ActionUnit*> >::~vector()
 .text._ZN10ActionUnit19all_units_reset_encEv
                0x03800f34       0x30 build/src/ActionUnit/ActionUnit_basic.o
                0x03800f34                ActionUnit::all_units_reset_enc()
 .text._ZN10ActionUnit14all_units_stopEv
                0x03800f64       0x30 build/src/ActionUnit/ActionUnit_basic.o
                0x03800f64                ActionUnit::all_units_stop()
 .text._ZN10ActionUnit4stopEv
                0x03800f94       0x38 build/src/ActionUnit/ActionUnit_basic.o
                0x03800f94                ActionUnit::stop()
 .text._ZN10ActionUnit7get_encEiN3vex13rotationUnitsE
                0x03800fcc       0x4c build/src/ActionUnit/ActionUnit_basic.o
                0x03800fcc                ActionUnit::get_enc(int, vex::rotationUnits)
 .text._ZN10ActionUnit12get_velocityEiN3vex13velocityUnitsE
                0x03801018       0x44 build/src/ActionUnit/ActionUnit_basic.o
                0x03801018                ActionUnit::get_velocity(int, vex::velocityUnits)
 *fill*         0x0380105c        0x4 
 .text._ZN10ActionUnit11set_voltageEd
                0x03801060       0x68 build/src/ActionUnit/ActionUnit_basic.o
                0x03801060                ActionUnit::set_voltage(double)
 .text._ZN10ActionUnit9set_speedEdN3vex13velocityUnitsE
                0x038010c8       0x50 build/src/ActionUnit/ActionUnit_basic.o
                0x038010c8                ActionUnit::set_speed(double, vex::velocityUnits)
 .text._ZN10ActionUnit13get_power_pctEv
                0x03801118       0x2c build/src/ActionUnit/ActionUnit_basic.o
                0x03801118                ActionUnit::get_power_pct()
 .text._ZN10ActionUnit12set_stoppingEN3vex9brakeTypeE
                0x03801144        0x8 build/src/ActionUnit/ActionUnit_basic.o
                0x03801144                ActionUnit::set_stopping(vex::brakeType)
 .text._ZN10ActionUnit4stopEN3vex9brakeTypeE
                0x0380114c       0x20 build/src/ActionUnit/ActionUnit_basic.o
                0x0380114c                ActionUnit::stop(vex::brakeType)
 .text._ZN10ActionUnit9hold_stopEv
                0x0380116c       0x24 build/src/ActionUnit/ActionUnit_basic.o
                0x0380116c                ActionUnit::hold_stop()
 .text._GLOBAL__sub_I_ActionUnit_basic.cpp
                0x03801190       0x60 build/src/ActionUnit/ActionUnit_basic.o
 .text._GLOBAL__sub_I_ActionUnit_handle.cpp
                0x038011f0       0x34 build/src/ActionUnit/ActionUnit_handle.o
 .text._GLOBAL__sub_I__auto_role_right_1.cpp
                0x03801224       0x34 build/src/auto/_auto_role_right_1.o
 .text._GLOBAL__sub_I__auto_role_left_1.cpp
                0x03801258       0x34 build/src/auto/_auto_role_left_1.o
 .text._GLOBAL__sub_I__auto_role_right_3.cpp
                0x0380128c       0x34 build/src/auto/_auto_role_right_3.o
 .text._GLOBAL__sub_I__auto_role_right_2.cpp
                0x038012c0       0x34 build/src/auto/_auto_role_right_2.o
 .text._GLOBAL__sub_I__auto_role_left_3.cpp
                0x038012f4       0x34 build/src/auto/_auto_role_left_3.o
 .text._GLOBAL__sub_I__auto_role_left_2.cpp
                0x03801328       0x34 build/src/auto/_auto_role_left_2.o
 .text._GLOBAL__sub_I_auto_general.cpp
                0x0380135c       0x34 build/src/auto_general/auto_general.o
 .text._Z5xxxxxRN3vex6visionERNS0_9signatureE
                0x03801390      0x158 build/src/auto_general/auto_test.o
                0x03801390                xxxxx(vex::vision&, vex::vision::signature&)
 .text._Z9auto_testv
                0x038014e8       0x88 build/src/auto_general/auto_test.o
                0x038014e8                auto_test()
 .text._GLOBAL__sub_I_auto_test.cpp
                0x03801570       0x34 build/src/auto_general/auto_test.o
 .text._GLOBAL__sub_I_auto_skills.cpp
                0x038015a4       0x34 build/src/auto_general/auto_skills.o
 .text._Z8get_gyrov
                0x038015d8       0x10 build/src/auto_lib/turn_gyro_new.o
                0x038015d8                get_gyro()
 .text._GLOBAL__sub_I_turn_gyro_new.cpp
                0x038015e8       0x34 build/src/auto_lib/turn_gyro_new.o
 .text._Z20line_sensor_detectedN3vex4lineEi
                0x0380161c       0x44 build/src/auto_lib/line_sensor.o
                0x0380161c                line_sensor_detected(vex::line, int)
 .text._Z20auto_carry_load_ballv
                0x03801660      0x140 build/src/auto_lib/line_sensor.o
                0x03801660                auto_carry_load_ball()
 .text._Z14shoot_one_ballbbb
                0x038017a0      0x6c8 build/src/auto_lib/line_sensor.o
                0x038017a0                shoot_one_ball(bool, bool, bool)
 .text._Z29shoot_one_ball_carry_not_stopv
                0x03801e68       0x10 build/src/auto_lib/line_sensor.o
                0x03801e68                shoot_one_ball_carry_not_stop()
 .text._Z21shoot_one_ball_simplev
                0x03801e78      0x248 build/src/auto_lib/line_sensor.o
                0x03801e78                shoot_one_ball_simple()
 .text._GLOBAL__sub_I_line_sensor.cpp
                0x038020c0       0x34 build/src/auto_lib/line_sensor.o
 .text._GLOBAL__sub_I_vision.cpp
                0x038020f4       0x34 build/src/auto_lib/vision.o
 .text._Z12state_outputv
                0x03802128      0x9d8 build/src/ball_dealing/state_switching_handle.o
                0x03802128                state_output()
 .text._Z22state_switching_handlev
                0x03802b00      0x1fc build/src/ball_dealing/state_switching_handle.o
                0x03802b00                state_switching_handle()
 *fill*         0x03802cfc        0x4 
 .text._Z20balls_dealing_handlev
                0x03802d00      0x310 build/src/ball_dealing/state_switching_handle.o
                0x03802d00                balls_dealing_handle()
 .text._GLOBAL__sub_I_state_switching_handle.cpp
                0x03803010       0x80 build/src/ball_dealing/state_switching_handle.o
 .text._Z12led_indicatev
                0x03803090      0x14c build/src/ball_dealing/ball_auto_dealing.o
                0x03803090                led_indicate()
 .text._Z14auto_pick_loadv
                0x038031dc       0xdc build/src/ball_dealing/ball_auto_dealing.o
                0x038031dc                auto_pick_load()
 .text._Z27auto_stop_carry_at_opp_ballv
                0x038032b8       0xf4 build/src/ball_dealing/ball_auto_dealing.o
                0x038032b8                auto_stop_carry_at_opp_ball()
 *fill*         0x038033ac        0x4 
 .text._Z21fast_prepare_shootingv
                0x038033b0       0x88 build/src/ball_dealing/ball_auto_dealing.o
                0x038033b0                fast_prepare_shooting()
 .text._GLOBAL__sub_I_ball_auto_dealing.cpp
                0x03803438       0x34 build/src/ball_dealing/ball_auto_dealing.o
 .text._ZN10ActionUnitC2IJN3vex5motorES2_EEESsDpRT_
                0x0380346c       0xd8 build/src/globals/global_variables.o
                0x0380346c                ActionUnit::ActionUnit<vex::motor, vex::motor>(std::string, vex::motor&, vex::motor&)
 .text._ZN10ActionUnitD2Ev
                0x03803544       0x30 build/src/globals/global_variables.o
                0x03803544                ActionUnit::~ActionUnit()
 .text._ZN10ActionUnitC2IJN3vex5motorEEEESsDpRT_
                0x03803574       0xfc build/src/globals/global_variables.o
                0x03803574                ActionUnit::ActionUnit<vex::motor>(std::string, vex::motor&)
 .text._ZN7HChasisD2Ev
                0x03803670       0x2c build/src/globals/global_variables.o
                0x03803670                HChasis::~HChasis()
 .text._ZN10ActionUnit17_addMotorToVectorIJN3vex5motorEEEEvRS2_DpRT_
                0x0380369c       0x88 build/src/globals/global_variables.o
                0x0380369c                void ActionUnit::_addMotorToVector<vex::motor>(vex::motor&, vex::motor&)
 .text._ZNSt6vectorIPN3vex5motorESaIS2_EE19_M_emplace_back_auxIJS2_EEEvDpOT_
                0x03803724       0x8c build/src/globals/global_variables.o
                0x03803724                void std::vector<vex::motor*, std::allocator<vex::motor*> >::_M_emplace_back_aux<vex::motor*>(vex::motor*&&)
 .text._ZNKSt6vectorIPN3vex5motorESaIS2_EE12_M_check_lenEjPKc
                0x038037b0       0x54 build/src/globals/global_variables.o
                0x038037b0                std::vector<vex::motor*, std::allocator<vex::motor*> >::_M_check_len(unsigned int, char const*) const
 .text._ZNSt12_Vector_baseIPN3vex5motorESaIS2_EE11_M_allocateEj
                0x03803804       0x30 build/src/globals/global_variables.o
                0x03803804                std::_Vector_base<vex::motor*, std::allocator<vex::motor*> >::_M_allocate(unsigned int)
 .text._ZNSt6vectorIP10ActionUnitSaIS1_EE19_M_emplace_back_auxIJS1_EEEvDpOT_
                0x03803834       0x8c build/src/globals/global_variables.o
                0x03803834                void std::vector<ActionUnit*, std::allocator<ActionUnit*> >::_M_emplace_back_aux<ActionUnit*>(ActionUnit*&&)
 .text._ZNKSt6vectorIP10ActionUnitSaIS1_EE12_M_check_lenEjPKc
                0x038038c0       0x54 build/src/globals/global_variables.o
                0x038038c0                std::vector<ActionUnit*, std::allocator<ActionUnit*> >::_M_check_len(unsigned int, char const*) const
 .text._ZNSt12_Vector_baseIP10ActionUnitSaIS1_EE11_M_allocateEj
                0x03803914       0x30 build/src/globals/global_variables.o
                0x03803914                std::_Vector_base<ActionUnit*, std::allocator<ActionUnit*> >::_M_allocate(unsigned int)
 .text._GLOBAL__sub_I_global_variables.cpp
                0x03803944      0x4c4 build/src/globals/global_variables.o
 .text._GLOBAL__sub_I_Hchasis_lib_curve_move.cpp
                0x03803e08       0x34 build/src/Hchasis/Hchasis_lib_curve_move.o
 .text._ZN7HChasis4stopEv
                0x03803e3c       0x28 build/src/Hchasis/Hchasis_lib.o
                0x03803e3c                HChasis::stop()
 .text._ZN7HChasis14LR_set_voltageEdd
                0x03803e64       0x60 build/src/Hchasis/Hchasis_lib.o
                0x03803e64                HChasis::LR_set_voltage(double, double)
 .text._ZN7HChasis12LR_set_speedEdd
                0x03803ec4       0x7c build/src/Hchasis/Hchasis_lib.o
                0x03803ec4                HChasis::LR_set_speed(double, double)
 .text._ZN7HChasis14FT_set_voltageEdd
                0x03803f40       0x30 build/src/Hchasis/Hchasis_lib.o
                0x03803f40                HChasis::FT_set_voltage(double, double)
 .text._ZN7HChasis12FT_set_speedEdd
                0x03803f70       0x30 build/src/Hchasis/Hchasis_lib.o
                0x03803f70                HChasis::FT_set_speed(double, double)
 .text._ZN7HChasis11get_dist_mmEii
                0x03803fa0       0x68 build/src/Hchasis/Hchasis_lib.o
                0x03803fa0                HChasis::get_dist_mm(int, int)
 .text._GLOBAL__sub_I_Hchasis_lib.cpp
                0x03804008       0x34 build/src/Hchasis/Hchasis_lib.o
 *fill*         0x0380403c        0x4 
 .text._ZN7HChasis6handleEddbNS_8ctrlModeEdd
                0x03804040      0x180 build/src/Hchasis/Hchasis_handle.o
                0x03804040                HChasis::handle(double, double, bool, HChasis::ctrlMode, double, double)
 .text._ZN20JoystickValueProcess27zero_out_stable_small_valueEii
                0x038041c0       0x7c build/src/Hchasis/Hchasis_handle.o
                0x038041c0                JoystickValueProcess::zero_out_stable_small_value(int, int)
 .text._GLOBAL__sub_I_Hchasis_handle.cpp
                0x0380423c       0x34 build/src/Hchasis/Hchasis_handle.o
 .text._GLOBAL__sub_I_Hchasis_lib_forward.cpp
                0x03804270       0x34 build/src/Hchasis/Hchasis_lib_forward.o
 .text._GLOBAL__sub_I_s_move_back_to_wall.cpp
                0x038042a4       0x34 build/src/Hchasis/s_move_back_to_wall.o
 .text._GLOBAL__sub_I_Hchasis_forward_adjust_dist.cpp
                0x038042d8       0x34 build/src/Hchasis/Hchasis_forward_adjust_dist.o
 .text._GLOBAL__sub_I_Hchasis_lib_turn.cpp
                0x0380430c       0x34 build/src/Hchasis/Hchasis_lib_turn.o
 .text._GLOBAL__sub_I_IO_setup_74000V.cpp
                0x03804340       0x34 build/src/IO_setups/IO_setup_74000V.o
 .text._GLOBAL__sub_I_IO_setup_0.cpp
                0x03804374       0x34 build/src/IO_setups/IO_setup_0.o
 .text._GLOBAL__sub_I_IO_setup_74000S.cpp
                0x038043a8       0x34 build/src/IO_setups/IO_setup_74000S.o
 .text._ZN3vex6visionC2IJNS0_9signatureES2_S2_EEElhDpRT_
                0x038043dc       0x4c build/src/IO_setups/IO_setup_77921F.o
                0x038043dc                vex::vision::vision<vex::vision::signature, vex::vision::signature, vex::vision::signature>(long, unsigned char, vex::vision::signature&, vex::vision::signature&, vex::vision::signature&)
 .text._GLOBAL__sub_I_IO_setup_77921F.cpp
                0x03804428      0x384 build/src/IO_setups/IO_setup_77921F.o
 .text._GLOBAL__sub_I_IO_setup_74000W.cpp
                0x038047ac       0x34 build/src/IO_setups/IO_setup_74000W.o
 .text._GLOBAL__sub_I_IO_setup_263xxx.cpp
                0x038047e0       0x34 build/src/IO_setups/IO_setup_263xxx.o
 .text._GLOBAL__sub_I_pid.cpp
                0x03804814       0x34 build/src/pid/pid.o
 .text._Z24update_auto_info_displayv
                0x03804848      0x14c build/src/screen/screen_display_choose.o
                0x03804848                update_auto_info_display()
 .text._Z34route_number_button_press_callbackP8BtnShape
                0x03804994       0x44 build/src/screen/screen_display_choose.o
                0x03804994                route_number_button_press_callback(BtnShape*)
 .text._Z36route_number_button_release_callbackP8BtnShape
                0x038049d8       0x10 build/src/screen/screen_display_choose.o
                0x038049d8                route_number_button_release_callback(BtnShape*)
 .text._Z36auto_side_role_button_press_callbackP8BtnShape
                0x038049e8      0x12c build/src/screen/screen_display_choose.o
                0x038049e8                auto_side_role_button_press_callback(BtnShape*)
 *fill*         0x03804b14        0x4 
 .text._Z12buttons_initv
                0x03804b18      0xa60 build/src/screen/screen_display_choose.o
                0x03804b18                buttons_init()
 .text._ZN12BtnRectangleC2EddddbN3vex5colorES1_SsNS0_8fontTypeES1_
                0x03805578      0x148 build/src/screen/screen_display_choose.o
                0x03805578                BtnRectangle::BtnRectangle(double, double, double, double, bool, vex::color, vex::color, std::string, vex::fontType, vex::color)
 .text._ZN12BtnRectangleD2Ev
                0x038056c0       0x30 build/src/screen/screen_display_choose.o
                0x038056c0                BtnRectangle::~BtnRectangle()
 .text._Z15buttons_show_upv
                0x038056f0       0x70 build/src/screen/screen_display_choose.o
                0x038056f0                buttons_show_up()
 .text._ZN12BtnRectangle8in_shapeEdd
                0x03805760       0x60 build/src/screen/screen_display_choose.o
                0x03805760                BtnRectangle::in_shape(double, double)
 .text._ZN12BtnRectangle10draw_shapeEN3vex5colorE
                0x038057c0       0xb8 build/src/screen/screen_display_choose.o
                0x038057c0                BtnRectangle::draw_shape(vex::color)
 .text._GLOBAL__sub_I_screen_display_choose.cpp
                0x03805878       0x34 build/src/screen/screen_display_choose.o
 .text._Z14disp_page_axisv
                0x038058ac      0x33c build/src/screen/disp_page_joy_axis.o
                0x038058ac                disp_page_axis()
 .text._GLOBAL__sub_I_disp_page_joy_axis.cpp
                0x03805be8       0x34 build/src/screen/disp_page_joy_axis.o
 .text._Z18clear_display_areav
                0x03805c1c       0x64 build/src/screen/disp_manager.o
                0x03805c1c                clear_display_area()
 .text._Z7page_upv
                0x03805c80       0x30 build/src/screen/disp_manager.o
                0x03805c80                page_up()
 .text._Z9page_downv
                0x03805cb0       0x20 build/src/screen/disp_manager.o
                0x03805cb0                page_down()
 .text._Z30display_manager_thread_routinev
                0x03805cd0      0x2ec build/src/screen/disp_manager.o
                0x03805cd0                display_manager_thread_routine()
 .text._GLOBAL__sub_I_disp_manager.cpp
                0x03805fbc       0x4c build/src/screen/disp_manager.o
 .text._Z14motor_enc_dispv
                0x03806008      0x524 build/src/screen/disp_page_sensors.o
                0x03806008                motor_enc_disp()
 .text._Z17disp_page_sensorsv
                0x0380652c       0xd0 build/src/screen/disp_page_sensors.o
                0x0380652c                disp_page_sensors()
 .text._GLOBAL__sub_I_disp_page_sensors.cpp
                0x038065fc       0x34 build/src/screen/disp_page_sensors.o
 .text._Z11clear_spaceiiii
                0x03806630       0x78 build/src/screen/disp_page_ports.o
                0x03806630                clear_space(int, int, int, int)
 .text._Z16print_motor_dataRN3vex5motorEdi
                0x038066a8       0xec build/src/screen/disp_page_ports.o
                0x038066a8                print_motor_data(vex::motor&, double, int)
 *fill*         0x03806794        0x4 
 .text._Z16print_motor_infoRN3vex5motorESs
                0x03806798      0x170 build/src/screen/disp_page_ports.o
                0x03806798                print_motor_info(vex::motor&, std::string)
 .text._Z15disp_page_portsv
                0x03806908      0x958 build/src/screen/disp_page_ports.o
                0x03806908                disp_page_ports()
 .text._GLOBAL__sub_I_disp_page_ports.cpp
                0x03807260       0x88 build/src/screen/disp_page_ports.o
 .text._ZN11Screen_DataD2Ev
                0x038072e8       0x30 build/src/VirtualButton/_system_pen_color_font.o
                0x038072e8                Screen_Data::~Screen_Data()
 .text._Z12screen_clearRKN3vex5colorE
                0x03807318       0x14 build/src/VirtualButton/_system_pen_color_font.o
                0x03807318                screen_clear(vex::color const&)
 .text._Z27screen_get_background_colorv
                0x0380732c       0x14 build/src/VirtualButton/_system_pen_color_font.o
                0x0380732c                screen_get_background_color()
 .text._Z20screen_set_pen_colorN3vex5colorE
                0x03807340       0x2c build/src/VirtualButton/_system_pen_color_font.o
                0x03807340                screen_set_pen_color(vex::color)
 .text._Z24screen_restore_pen_colorv
                0x0380736c       0x54 build/src/VirtualButton/_system_pen_color_font.o
                0x0380736c                screen_restore_pen_color()
 .text._Z22screen_store_pen_colorv
                0x038073c0       0x1c build/src/VirtualButton/_system_pen_color_font.o
                0x038073c0                screen_store_pen_color()
 .text._Z19screen_set_pen_fontN3vex8fontTypeE
                0x038073dc       0x20 build/src/VirtualButton/_system_pen_color_font.o
                0x038073dc                screen_set_pen_font(vex::fontType)
 .text._Z23screen_restore_pen_fontv
                0x038073fc       0x20 build/src/VirtualButton/_system_pen_color_font.o
                0x038073fc                screen_restore_pen_font()
 .text._Z21screen_store_pen_fontv
                0x0380741c       0x14 build/src/VirtualButton/_system_pen_color_font.o
                0x0380741c                screen_store_pen_font()
 .text._Z21screen_get_font_widthN3vex8fontTypeE
                0x03807430       0x14 build/src/VirtualButton/_system_pen_color_font.o
                0x03807430                screen_get_font_width(vex::fontType)
 .text._Z22screen_get_font_heightN3vex8fontTypeE
                0x03807444       0x10 build/src/VirtualButton/_system_pen_color_font.o
                0x03807444                screen_get_font_height(vex::fontType)
 .text._GLOBAL__sub_I__system_pen_color_font.cpp
                0x03807454       0xb8 build/src/VirtualButton/_system_pen_color_font.o
 .text._ZN8BtnEventC2EP8BtnShape
                0x0380750c       0x88 build/src/VirtualButton/BtnEvent.o
                0x0380750c                BtnEvent::BtnEvent(BtnShape*)
                0x0380750c                BtnEvent::BtnEvent(BtnShape*)
 .text._ZN8BtnEvent50all_buttons_update_and_run_callback_thread_routineEv
                0x03807594       0x88 build/src/VirtualButton/BtnEvent.o
                0x03807594                BtnEvent::all_buttons_update_and_run_callback_thread_routine()
 .text._ZN8BtnEventD2Ev
                0x0380761c        0xc build/src/VirtualButton/BtnEvent.o
                0x0380761c                BtnEvent::~BtnEvent()
                0x0380761c                BtnEvent::~BtnEvent()
 .text._ZN8BtnEvent18update_status_dataEv
                0x03807628       0x88 build/src/VirtualButton/BtnEvent.o
                0x03807628                BtnEvent::update_status_data()
 .text._ZN8BtnEvent16execute_callbackEv
                0x038076b0       0x74 build/src/VirtualButton/BtnEvent.o
                0x038076b0                BtnEvent::execute_callback()
 .text._GLOBAL__sub_I_BtnEvent.cpp
                0x03807724       0x34 build/src/VirtualButton/BtnEvent.o
 .text._ZN8BtnShape20get_vec_ptr_all_btnsEv
                0x03807758       0x60 build/src/VirtualButton/BtnShape.o
                0x03807758                BtnShape::get_vec_ptr_all_btns()
 .text._ZNSt6vectorIP8BtnShapeSaIS1_EED2Ev
                0x038077b8       0x24 build/src/VirtualButton/BtnShape.o
                0x038077b8                std::vector<BtnShape*, std::allocator<BtnShape*> >::~vector()
 .text._ZN8BtnShapeC2EN3vex5colorES1_SsNS0_8fontTypeES1_
                0x038077dc      0x178 build/src/VirtualButton/BtnShape.o
                0x038077dc                BtnShape::BtnShape(vex::color, vex::color, std::string, vex::fontType, vex::color)
 .text._ZN8BtnShapeD2Ev
                0x03807954      0x120 build/src/VirtualButton/BtnShape.o
                0x03807954                BtnShape::~BtnShape()
                0x03807954                BtnShape::~BtnShape()
 .text._ZN8BtnShape11print_lableEN3vex5colorEb
                0x03807a74       0xe8 build/src/VirtualButton/BtnShape.o
                0x03807a74                BtnShape::print_lable(vex::color, bool)
 .text._ZN8BtnShape4hideEv
                0x03807b5c       0x90 build/src/VirtualButton/BtnShape.o
                0x03807b5c                BtnShape::hide()
 .text._ZN8BtnShape16get_darker_colorEd
                0x03807bec       0x7c build/src/VirtualButton/BtnShape.o
                0x03807bec                BtnShape::get_darker_color(double)
 .text._ZN8BtnShape6darkerEbd
                0x03807c68       0xc8 build/src/VirtualButton/BtnShape.o
                0x03807c68                BtnShape::darker(bool, double)
 .text._ZN8BtnShape8brighterEb
                0x03807d30       0xc0 build/src/VirtualButton/BtnShape.o
                0x03807d30                BtnShape::brighter(bool)
 .text._ZN8BtnShape8pressingEv
                0x03807df0       0x84 build/src/VirtualButton/BtnShape.o
                0x03807df0                BtnShape::pressing()
 .text._ZN8BtnShape7show_upEb
                0x03807e74       0x28 build/src/VirtualButton/BtnShape.o
                0x03807e74                BtnShape::show_up(bool)
 .text._ZNSt6vectorIP8BtnShapeSaIS1_EE19_M_emplace_back_auxIJS1_EEEvDpOT_
                0x03807e9c       0x8c build/src/VirtualButton/BtnShape.o
                0x03807e9c                void std::vector<BtnShape*, std::allocator<BtnShape*> >::_M_emplace_back_aux<BtnShape*>(BtnShape*&&)
 .text._ZNKSt6vectorIP8BtnShapeSaIS1_EE12_M_check_lenEjPKc
                0x03807f28       0x54 build/src/VirtualButton/BtnShape.o
                0x03807f28                std::vector<BtnShape*, std::allocator<BtnShape*> >::_M_check_len(unsigned int, char const*) const
 .text._ZNSt12_Vector_baseIP8BtnShapeSaIS1_EE11_M_allocateEj
                0x03807f7c       0x30 build/src/VirtualButton/BtnShape.o
                0x03807f7c                std::_Vector_base<BtnShape*, std::allocator<BtnShape*> >::_M_allocate(unsigned int)
 .text._GLOBAL__sub_I_BtnShape.cpp
                0x03807fac       0x34 build/src/VirtualButton/BtnShape.o
 .text.vexMain  0x03807fe0       0xb0 C:\Program Files (x86)\VEX Robotics\VEXcode Pro V5\sdk/vexv5\libv5rt.a(v5_startup.c.obj)
                0x03807fe0                vexMain
 .text.__vex_function_prolog
                0x03808090       0x18 C:\Program Files (x86)\VEX Robotics\VEXcode Pro V5\sdk/vexv5\libv5rt.a(v5_startup.c.obj)
                0x03808090                __vex_function_prolog
 .text._init    0x038080a8        0x4 C:\Program Files (x86)\VEX Robotics\VEXcode Pro V5\sdk/vexv5\libv5rt.a(v5_startup.c.obj)
                0x038080a8                _init
 .text._fini    0x038080ac        0x4 C:\Program Files (x86)\VEX Robotics\VEXcode Pro V5\sdk/vexv5\libv5rt.a(v5_startup.c.obj)
                0x038080ac                _fini
 .text.vexStdlibVersionLinked
                0x038080b0        0xc C:\Program Files (x86)\VEX Robotics\VEXcode Pro V5\sdk/vexv5\libv5rt.a(v5_util.c.obj)
                0x038080b0                vexStdlibVersionLinked
 .text.vexStdlibVersionVerify
                0x038080bc       0x30 C:\Program Files (x86)\VEX Robotics\VEXcode Pro V5\sdk/vexv5\libv5rt.a(v5_util.c.obj)
                0x038080bc                vexStdlibVersionVerify
 .text.vexPrivateApiEnable
                0x038080ec       0x10 C:\Program Files (x86)\VEX Robotics\VEXcode Pro V5\sdk/vexv5\libv5rt.a(v5_apijump.c.obj)
                0x038080ec                vexPrivateApiEnable
 .text.vexStdlibMismatchError
                0x038080fc       0x3c C:\Program Files (x86)\VEX Robotics\VEXcode Pro V5\sdk/vexv5\libv5rt.a(v5_apijump.c.obj)
                0x038080fc                vexStdlibMismatchError
 .text.vexTaskAdd
                0x03808138       0x10 C:\Program Files (x86)\VEX Robotics\VEXcode Pro V5\sdk/vexv5\libv5rt.a(v5_apijump.c.obj)
                0x03808138                vexTaskAdd
 .text.vexTasksRun
                0x03808148       0x10 C:\Program Files (x86)\VEX Robotics\VEXcode Pro V5\sdk/vexv5\libv5rt.a(v5_apijump.c.obj)
                0x03808148                vexTasksRun
 .text.vexTaskYield
                0x03808158       0x10 C:\Program Files (x86)\VEX Robotics\VEXcode Pro V5\sdk/vexv5\libv5rt.a(v5_apijump.c.obj)
                0x03808158                vexTaskYield
 .text.vexTaskCheckTimeslice
                0x03808168       0x10 C:\Program Files (x86)\VEX Robotics\VEXcode Pro V5\sdk/vexv5\libv5rt.a(v5_apijump.c.obj)
                0x03808168                vexTaskCheckTimeslice
 .text.vexTaskSleep
                0x03808178       0x10 C:\Program Files (x86)\VEX Robotics\VEXcode Pro V5\sdk/vexv5\libv5rt.a(v5_apijump.c.obj)
                0x03808178                vexTaskSleep
 .text.vexTasksDump
                0x03808188       0x1c C:\Program Files (x86)\VEX Robotics\VEXcode Pro V5\sdk/vexv5\libv5rt.a(v5_apijump.c.obj)
                0x03808188                vexTasksDump
 .text.vexTaskGetTaskIndex
                0x038081a4       0x10 C:\Program Files (x86)\VEX Robotics\VEXcode Pro V5\sdk/vexv5\libv5rt.a(v5_apijump.c.obj)
                0x038081a4                vexTaskGetTaskIndex
 .text.vexTaskStopAll
                0x038081b4       0x10 C:\Program Files (x86)\VEX Robotics\VEXcode Pro V5\sdk/vexv5\libv5rt.a(v5_apijump.c.obj)
                0x038081b4                vexTaskStopAll
 .text.vexTaskRemoveAllUser
                0x038081c4       0x34 C:\Program Files (x86)\VEX Robotics\VEXcode Pro V5\sdk/vexv5\libv5rt.a(v5_apijump.c.obj)
                0x038081c4                vexTaskRemoveAllUser
 .text.vexTaskCompletionIdSet
                0x038081f8       0x10 C:\Program Files (x86)\VEX Robotics\VEXcode Pro V5\sdk/vexv5\libv5rt.a(v5_apijump.c.obj)
                0x038081f8                vexTaskCompletionIdSet
 .text.vexTaskAddWithArg
                0x03808208       0x10 C:\Program Files (x86)\VEX Robotics\VEXcode Pro V5\sdk/vexv5\libv5rt.a(v5_apijump.c.obj)
                0x03808208                vexTaskAddWithArg
 .text.vexTaskStopWithId
                0x03808218       0x10 C:\Program Files (x86)\VEX Robotics\VEXcode Pro V5\sdk/vexv5\libv5rt.a(v5_apijump.c.obj)
                0x03808218                vexTaskStopWithId
 .text.vexTaskStateGetWithId
                0x03808228       0x10 C:\Program Files (x86)\VEX Robotics\VEXcode Pro V5\sdk/vexv5\libv5rt.a(v5_apijump.c.obj)
                0x03808228                vexTaskStateGetWithId
 .text.vexCriticalSection
                0x03808238       0x2c C:\Program Files (x86)\VEX Robotics\VEXcode Pro V5\sdk/vexv5\libv5rt.a(v5_apijump.c.obj)
                0x03808238                vexCriticalSection
 .text.vexEventAdd
                0x03808264       0x34 C:\Program Files (x86)\VEX Robotics\VEXcode Pro V5\sdk/vexv5\libv5rt.a(v5_apijump.c.obj)
                0x03808264                vexEventAdd
 .text.vexEventUserIndexGet
                0x03808298       0x1c C:\Program Files (x86)\VEX Robotics\VEXcode Pro V5\sdk/vexv5\libv5rt.a(v5_apijump.c.obj)
                0x03808298                vexEventUserIndexGet
 .text.vexEventAddWithArg
                0x038082b4       0x3c C:\Program Files (x86)\VEX Robotics\VEXcode Pro V5\sdk/vexv5\libv5rt.a(v5_apijump.c.obj)
                0x038082b4                vexEventAddWithArg
 .text.vexEventsCleanup
                0x038082f0       0x2c C:\Program Files (x86)\VEX Robotics\VEXcode Pro V5\sdk/vexv5\libv5rt.a(v5_apijump.c.obj)
                0x038082f0                vexEventsCleanup
 .text.vexDebug
                0x0380831c       0x38 C:\Program Files (x86)\VEX Robotics\VEXcode Pro V5\sdk/vexv5\libv5rt.a(v5_apijump.c.obj)
                0x0380831c                vexDebug
 .text.vex_sprintf
                0x03808354       0x40 C:\Program Files (x86)\VEX Robotics\VEXcode Pro V5\sdk/vexv5\libv5rt.a(v5_apijump.c.obj)
                0x03808354                vex_sprintf
 .text.vex_vsnprintf
                0x03808394       0x3c C:\Program Files (x86)\VEX Robotics\VEXcode Pro V5\sdk/vexv5\libv5rt.a(v5_apijump.c.obj)
                0x03808394                vex_vsnprintf
 .text.vexSystemTimeGet
                0x038083d0       0x1c C:\Program Files (x86)\VEX Robotics\VEXcode Pro V5\sdk/vexv5\libv5rt.a(v5_apijump.c.obj)
                0x038083d0                vexSystemTimeGet
 .text.vexSystemExitRequest
                0x038083ec       0x1c C:\Program Files (x86)\VEX Robotics\VEXcode Pro V5\sdk/vexv5\libv5rt.a(v5_apijump.c.obj)
                0x038083ec                vexSystemExitRequest
 .text.vexDeviceGetByIndex
                0x03808408       0x24 C:\Program Files (x86)\VEX Robotics\VEXcode Pro V5\sdk/vexv5\libv5rt.a(v5_apijump.c.obj)
                0x03808408                vexDeviceGetByIndex
 .text.vexControllerGet
                0x0380842c       0x2c C:\Program Files (x86)\VEX Robotics\VEXcode Pro V5\sdk/vexv5\libv5rt.a(v5_apijump.c.obj)
                0x0380842c                vexControllerGet
 .text.vexControllerTextSet
                0x03808458       0x74 C:\Program Files (x86)\VEX Robotics\VEXcode Pro V5\sdk/vexv5\libv5rt.a(v5_apijump.c.obj)
                0x03808458                vexControllerTextSet
 .text.vexDeviceAdiPortConfigSet
                0x038084cc       0x34 C:\Program Files (x86)\VEX Robotics\VEXcode Pro V5\sdk/vexv5\libv5rt.a(v5_apijump.c.obj)
                0x038084cc                vexDeviceAdiPortConfigSet
 .text.vexDeviceAdiPortConfigGet
                0x03808500       0x2c C:\Program Files (x86)\VEX Robotics\VEXcode Pro V5\sdk/vexv5\libv5rt.a(v5_apijump.c.obj)
                0x03808500                vexDeviceAdiPortConfigGet
 .text.vexDeviceAdiValueGet
                0x0380852c       0x2c C:\Program Files (x86)\VEX Robotics\VEXcode Pro V5\sdk/vexv5\libv5rt.a(v5_apijump.c.obj)
                0x0380852c                vexDeviceAdiValueGet
 .text.vexDeviceMotorVelocitySet
                0x03808558       0x2c C:\Program Files (x86)\VEX Robotics\VEXcode Pro V5\sdk/vexv5\libv5rt.a(v5_apijump.c.obj)
                0x03808558                vexDeviceMotorVelocitySet
 .text.vexDeviceMotorVoltageSet
                0x03808584       0x2c C:\Program Files (x86)\VEX Robotics\VEXcode Pro V5\sdk/vexv5\libv5rt.a(v5_apijump.c.obj)
                0x03808584                vexDeviceMotorVoltageSet
 .text.vexDeviceMotorActualVelocityGet
                0x038085b0       0x24 C:\Program Files (x86)\VEX Robotics\VEXcode Pro V5\sdk/vexv5\libv5rt.a(v5_apijump.c.obj)
                0x038085b0                vexDeviceMotorActualVelocityGet
 .text.vexDeviceMotorCurrentGet
                0x038085d4       0x24 C:\Program Files (x86)\VEX Robotics\VEXcode Pro V5\sdk/vexv5\libv5rt.a(v5_apijump.c.obj)
                0x038085d4                vexDeviceMotorCurrentGet
 .text.vexDeviceMotorTemperatureGet
                0x038085f8       0x24 C:\Program Files (x86)\VEX Robotics\VEXcode Pro V5\sdk/vexv5\libv5rt.a(v5_apijump.c.obj)
                0x038085f8                vexDeviceMotorTemperatureGet
 .text.vexDeviceMotorZeroPositionFlagGet
                0x0380861c       0x24 C:\Program Files (x86)\VEX Robotics\VEXcode Pro V5\sdk/vexv5\libv5rt.a(v5_apijump.c.obj)
                0x0380861c                vexDeviceMotorZeroPositionFlagGet
 .text.vexDeviceMotorReverseFlagSet
                0x03808640       0x2c C:\Program Files (x86)\VEX Robotics\VEXcode Pro V5\sdk/vexv5\libv5rt.a(v5_apijump.c.obj)
                0x03808640                vexDeviceMotorReverseFlagSet
 .text.vexDeviceMotorEncoderUnitsSet
                0x0380866c       0x2c C:\Program Files (x86)\VEX Robotics\VEXcode Pro V5\sdk/vexv5\libv5rt.a(v5_apijump.c.obj)
                0x0380866c                vexDeviceMotorEncoderUnitsSet
 .text.vexDeviceMotorBrakeModeSet
                0x03808698       0x2c C:\Program Files (x86)\VEX Robotics\VEXcode Pro V5\sdk/vexv5\libv5rt.a(v5_apijump.c.obj)
                0x03808698                vexDeviceMotorBrakeModeSet
 .text.vexDeviceMotorPositionSet
                0x038086c4       0x34 C:\Program Files (x86)\VEX Robotics\VEXcode Pro V5\sdk/vexv5\libv5rt.a(v5_apijump.c.obj)
                0x038086c4                vexDeviceMotorPositionSet
 .text.vexDeviceMotorPositionGet
                0x038086f8       0x24 C:\Program Files (x86)\VEX Robotics\VEXcode Pro V5\sdk/vexv5\libv5rt.a(v5_apijump.c.obj)
                0x038086f8                vexDeviceMotorPositionGet
 .text.vexDeviceMotorAbsoluteTargetSet
                0x0380871c       0x3c C:\Program Files (x86)\VEX Robotics\VEXcode Pro V5\sdk/vexv5\libv5rt.a(v5_apijump.c.obj)
                0x0380871c                vexDeviceMotorAbsoluteTargetSet
 .text.vexDeviceMotorRelativeTargetSet
                0x03808758       0x3c C:\Program Files (x86)\VEX Robotics\VEXcode Pro V5\sdk/vexv5\libv5rt.a(v5_apijump.c.obj)
                0x03808758                vexDeviceMotorRelativeTargetSet
 .text.vexDeviceMotorGearingSet
                0x03808794       0x2c C:\Program Files (x86)\VEX Robotics\VEXcode Pro V5\sdk/vexv5\libv5rt.a(v5_apijump.c.obj)
                0x03808794                vexDeviceMotorGearingSet
 .text.vexDeviceMotorGearingGet
                0x038087c0       0x24 C:\Program Files (x86)\VEX Robotics\VEXcode Pro V5\sdk/vexv5\libv5rt.a(v5_apijump.c.obj)
                0x038087c0                vexDeviceMotorGearingGet
 .text.vexDeviceVisionModeSet
                0x038087e4       0x2c C:\Program Files (x86)\VEX Robotics\VEXcode Pro V5\sdk/vexv5\libv5rt.a(v5_apijump.c.obj)
                0x038087e4                vexDeviceVisionModeSet
 .text.vexDeviceVisionObjectCountGet
                0x03808810       0x24 C:\Program Files (x86)\VEX Robotics\VEXcode Pro V5\sdk/vexv5\libv5rt.a(v5_apijump.c.obj)
                0x03808810                vexDeviceVisionObjectCountGet
 .text.vexDeviceVisionObjectGet
                0x03808834       0x34 C:\Program Files (x86)\VEX Robotics\VEXcode Pro V5\sdk/vexv5\libv5rt.a(v5_apijump.c.obj)
                0x03808834                vexDeviceVisionObjectGet
 .text.vexDeviceVisionSignatureSet
                0x03808868       0x2c C:\Program Files (x86)\VEX Robotics\VEXcode Pro V5\sdk/vexv5\libv5rt.a(v5_apijump.c.obj)
                0x03808868                vexDeviceVisionSignatureSet
 .text.vexDeviceVisionBrightnessSet
                0x03808894       0x2c C:\Program Files (x86)\VEX Robotics\VEXcode Pro V5\sdk/vexv5\libv5rt.a(v5_apijump.c.obj)
                0x03808894                vexDeviceVisionBrightnessSet
 .text.vexDeviceVisionLedModeSet
                0x038088c0       0x2c C:\Program Files (x86)\VEX Robotics\VEXcode Pro V5\sdk/vexv5\libv5rt.a(v5_apijump.c.obj)
                0x038088c0                vexDeviceVisionLedModeSet
 .text.vexDeviceVisionLedBrigntnessSet
                0x038088ec       0x2c C:\Program Files (x86)\VEX Robotics\VEXcode Pro V5\sdk/vexv5\libv5rt.a(v5_apijump.c.obj)
                0x038088ec                vexDeviceVisionLedBrigntnessSet
 .text.vexDeviceVisionLedColorSet
                0x03808918       0x30 C:\Program Files (x86)\VEX Robotics\VEXcode Pro V5\sdk/vexv5\libv5rt.a(v5_apijump.c.obj)
                0x03808918                vexDeviceVisionLedColorSet
 .text.vexDeviceVisionWifiModeSet
                0x03808948       0x2c C:\Program Files (x86)\VEX Robotics\VEXcode Pro V5\sdk/vexv5\libv5rt.a(v5_apijump.c.obj)
                0x03808948                vexDeviceVisionWifiModeSet
 .text.vexDeviceImuReset
                0x03808974       0x24 C:\Program Files (x86)\VEX Robotics\VEXcode Pro V5\sdk/vexv5\libv5rt.a(v5_apijump.c.obj)
                0x03808974                vexDeviceImuReset
 .text.vexDeviceImuHeadingGet
                0x03808998       0x24 C:\Program Files (x86)\VEX Robotics\VEXcode Pro V5\sdk/vexv5\libv5rt.a(v5_apijump.c.obj)
                0x03808998                vexDeviceImuHeadingGet
 .text.vexDeviceImuDegreesGet
                0x038089bc       0x24 C:\Program Files (x86)\VEX Robotics\VEXcode Pro V5\sdk/vexv5\libv5rt.a(v5_apijump.c.obj)
                0x038089bc                vexDeviceImuDegreesGet
 .text.vexDeviceImuStatusGet
                0x038089e0       0x24 C:\Program Files (x86)\VEX Robotics\VEXcode Pro V5\sdk/vexv5\libv5rt.a(v5_apijump.c.obj)
                0x038089e0                vexDeviceImuStatusGet
 .text.vexDisplayForegroundColor
                0x03808a04       0x24 C:\Program Files (x86)\VEX Robotics\VEXcode Pro V5\sdk/vexv5\libv5rt.a(v5_apijump.c.obj)
                0x03808a04                vexDisplayForegroundColor
 .text.vexDisplayBackgroundColor
                0x03808a28       0x24 C:\Program Files (x86)\VEX Robotics\VEXcode Pro V5\sdk/vexv5\libv5rt.a(v5_apijump.c.obj)
                0x03808a28                vexDisplayBackgroundColor
 .text.vexDisplayBackgroundColorGet
                0x03808a4c       0x1c C:\Program Files (x86)\VEX Robotics\VEXcode Pro V5\sdk/vexv5\libv5rt.a(v5_apijump.c.obj)
                0x03808a4c                vexDisplayBackgroundColorGet
 .text.vexDisplayPixelSet
                0x03808a68       0x38 C:\Program Files (x86)\VEX Robotics\VEXcode Pro V5\sdk/vexv5\libv5rt.a(v5_apijump.c.obj)
                0x03808a68                vexDisplayPixelSet
 .text.vexDisplayLineDraw
                0x03808aa0       0x4c C:\Program Files (x86)\VEX Robotics\VEXcode Pro V5\sdk/vexv5\libv5rt.a(v5_apijump.c.obj)
                0x03808aa0                vexDisplayLineDraw
 .text.vexDisplayRectDraw
                0x03808aec       0x4c C:\Program Files (x86)\VEX Robotics\VEXcode Pro V5\sdk/vexv5\libv5rt.a(v5_apijump.c.obj)
                0x03808aec                vexDisplayRectDraw
 .text.vexDisplayRectClear
                0x03808b38       0x4c C:\Program Files (x86)\VEX Robotics\VEXcode Pro V5\sdk/vexv5\libv5rt.a(v5_apijump.c.obj)
                0x03808b38                vexDisplayRectClear
 .text.vexDisplayCircleDraw
                0x03808b84       0x40 C:\Program Files (x86)\VEX Robotics\VEXcode Pro V5\sdk/vexv5\libv5rt.a(v5_apijump.c.obj)
                0x03808b84                vexDisplayCircleDraw
 .text.vexDisplayCircleClear
                0x03808bc4       0x40 C:\Program Files (x86)\VEX Robotics\VEXcode Pro V5\sdk/vexv5\libv5rt.a(v5_apijump.c.obj)
                0x03808bc4                vexDisplayCircleClear
 .text.vexDisplayPrintf
                0x03808c04       0x68 C:\Program Files (x86)\VEX Robotics\VEXcode Pro V5\sdk/vexv5\libv5rt.a(v5_apijump.c.obj)
                0x03808c04                vexDisplayPrintf
 .text.vexDisplayTextReference
                0x03808c6c       0x24 C:\Program Files (x86)\VEX Robotics\VEXcode Pro V5\sdk/vexv5\libv5rt.a(v5_apijump.c.obj)
                0x03808c6c                vexDisplayTextReference
 .text.vexDisplayTextSize
                0x03808c90       0x2c C:\Program Files (x86)\VEX Robotics\VEXcode Pro V5\sdk/vexv5\libv5rt.a(v5_apijump.c.obj)
                0x03808c90                vexDisplayTextSize
 .text.vexDisplayFontNamedSet
                0x03808cbc       0x24 C:\Program Files (x86)\VEX Robotics\VEXcode Pro V5\sdk/vexv5\libv5rt.a(v5_apijump.c.obj)
                0x03808cbc                vexDisplayFontNamedSet
 .text.vexDisplayPenSizeGet
                0x03808ce0       0x1c C:\Program Files (x86)\VEX Robotics\VEXcode Pro V5\sdk/vexv5\libv5rt.a(v5_apijump.c.obj)
                0x03808ce0                vexDisplayPenSizeGet
 .text.vexSystemStdlibImpureDataAddr
                0x03808cfc       0x28 C:\Program Files (x86)\VEX Robotics\VEXcode Pro V5\sdk/vexv5\libv5rt.a(v5_apijump.c.obj)
                0x03808cfc                vexSystemStdlibImpureDataAddr
 .text.vexSystemStdlibImpureDataSize
                0x03808d24       0x28 C:\Program Files (x86)\VEX Robotics\VEXcode Pro V5\sdk/vexv5\libv5rt.a(v5_apijump.c.obj)
                0x03808d24                vexSystemStdlibImpureDataSize
 .text.vexSystemSaveUserData
                0x03808d4c       0x3c C:\Program Files (x86)\VEX Robotics\VEXcode Pro V5\sdk/vexv5\libv5rt.a(v5_apijump.c.obj)
                0x03808d4c                vexSystemSaveUserData
 .text.vexTouchDataGet
                0x03808d88       0x10 C:\Program Files (x86)\VEX Robotics\VEXcode Pro V5\sdk/vexv5\libv5rt.a(v5_apijump.c.obj)
                0x03808d88                vexTouchDataGet
 .text.vexDisplayThemeIdGet
                0x03808d98       0x38 C:\Program Files (x86)\VEX Robotics\VEXcode Pro V5\sdk/vexv5\libv5rt.a(v5_apijump.c.obj)
                0x03808d98                vexDisplayThemeIdGet
 .text.vexBatteryCapacityGet
                0x03808dd0       0x1c C:\Program Files (x86)\VEX Robotics\VEXcode Pro V5\sdk/vexv5\libv5rt.a(v5_apijump.c.obj)
                0x03808dd0                vexBatteryCapacityGet
 .text.vexDeviceEventMaskSet
                0x03808dec       0x48 C:\Program Files (x86)\VEX Robotics\VEXcode Pro V5\sdk/vexv5\libv5rt.a(v5_apijump.c.obj)
                0x03808dec                vexDeviceEventMaskSet
 .text.vexDeviceEventMaskGet
                0x03808e34       0x3c C:\Program Files (x86)\VEX Robotics\VEXcode Pro V5\sdk/vexv5\libv5rt.a(v5_apijump.c.obj)
                0x03808e34                vexDeviceEventMaskGet
 .text.vexSystemVersion
                0x03808e70       0x10 C:\Program Files (x86)\VEX Robotics\VEXcode Pro V5\sdk/vexv5\libv5rt.a(v5_apiversions.c.obj)
                0x03808e70                vexSystemVersion
 .text.vexStdlibVersion
                0x03808e80       0x10 C:\Program Files (x86)\VEX Robotics\VEXcode Pro V5\sdk/vexv5\libv5rt.a(v5_apiversions.c.obj)
                0x03808e80                vexStdlibVersion
 .text._ZN3vex6deviceD2Ev
                0x03808e90        0x4 C:\Program Files (x86)\VEX Robotics\VEXcode Pro V5\sdk/vexv5\libv5rt.a(vex_device.cpp.obj)
                0x03808e90                vex::device::~device()
                0x03808e90                vex::device::~device()
 .text._ZN3vex6device5valueEv
                0x03808e94        0x8 C:\Program Files (x86)\VEX Robotics\VEXcode Pro V5\sdk/vexv5\libv5rt.a(vex_device.cpp.obj)
                0x03808e94                vex::device::value()
 .text._ZN3vex6deviceD0Ev
                0x03808e9c       0x14 C:\Program Files (x86)\VEX Robotics\VEXcode Pro V5\sdk/vexv5\libv5rt.a(vex_device.cpp.obj)
                0x03808e9c                vex::device::~device()
 .text._ZN3vex6device4initEl
                0x03808eb0       0x30 C:\Program Files (x86)\VEX Robotics\VEXcode Pro V5\sdk/vexv5\libv5rt.a(vex_device.cpp.obj)
                0x03808eb0                vex::device::init(long)
 .text._ZN3vex6deviceC2El
                0x03808ee0       0x20 C:\Program Files (x86)\VEX Robotics\VEXcode Pro V5\sdk/vexv5\libv5rt.a(vex_device.cpp.obj)
                0x03808ee0                vex::device::device(long)
                0x03808ee0                vex::device::device(long)
 .text._ZN3vex6device4typeEv
                0x03808f00       0x10 C:\Program Files (x86)\VEX Robotics\VEXcode Pro V5\sdk/vexv5\libv5rt.a(vex_device.cpp.obj)
                0x03808f00                vex::device::type()
 .text._ZN3vex6device9installedEv
                0x03808f10       0x14 C:\Program Files (x86)\VEX Robotics\VEXcode Pro V5\sdk/vexv5\libv5rt.a(vex_device.cpp.obj)
                0x03808f10                vex::device::installed()
 .text._ZN3vex6device5indexEv
                0x03808f24        0x8 C:\Program Files (x86)\VEX Robotics\VEXcode Pro V5\sdk/vexv5\libv5rt.a(vex_device.cpp.obj)
                0x03808f24                vex::device::index()
 .text._ZN3vex5motorD2Ev
                0x03808f2c       0x20 C:\Program Files (x86)\VEX Robotics\VEXcode Pro V5\sdk/vexv5\libv5rt.a(vex_motor.cpp.obj)
                0x03808f2c                vex::motor::~motor()
                0x03808f2c                vex::motor::~motor()
 .text._ZN3vex5motorD0Ev
                0x03808f4c       0x1c C:\Program Files (x86)\VEX Robotics\VEXcode Pro V5\sdk/vexv5\libv5rt.a(vex_motor.cpp.obj)
                0x03808f4c                vex::motor::~motor()
 .text._ZN3vex5motor9installedEv
                0x03808f68       0x18 C:\Program Files (x86)\VEX Robotics\VEXcode Pro V5\sdk/vexv5\libv5rt.a(vex_motor.cpp.obj)
                0x03808f68                vex::motor::installed()
 .text._ZN3vex5motor15defaultStoppingENS_9brakeTypeE
                0x03808f80       0x30 C:\Program Files (x86)\VEX Robotics\VEXcode Pro V5\sdk/vexv5\libv5rt.a(vex_motor.cpp.obj)
                0x03808f80                vex::motor::defaultStopping(vex::brakeType)
 .text._ZN3vex5motor11setStoppingENS_9brakeTypeE
                0x03808fb0        0x4 C:\Program Files (x86)\VEX Robotics\VEXcode Pro V5\sdk/vexv5\libv5rt.a(vex_motor.cpp.obj)
                0x03808fb0                vex::motor::setStopping(vex::brakeType)
 .text._ZN3vex5motorC2El
                0x03808fb4       0x78 C:\Program Files (x86)\VEX Robotics\VEXcode Pro V5\sdk/vexv5\libv5rt.a(vex_motor.cpp.obj)
                0x03808fb4                vex::motor::motor(long)
                0x03808fb4                vex::motor::motor(long)
 .text._ZN3vex5motorC2ElNS_11gearSettingEb
                0x0380902c       0x34 C:\Program Files (x86)\VEX Robotics\VEXcode Pro V5\sdk/vexv5\libv5rt.a(vex_motor.cpp.obj)
                0x0380902c                vex::motor::motor(long, vex::gearSetting, bool)
                0x0380902c                vex::motor::motor(long, vex::gearSetting, bool)
 .text._ZN3vex5motorC2Elb
                0x03809060       0x24 C:\Program Files (x86)\VEX Robotics\VEXcode Pro V5\sdk/vexv5\libv5rt.a(vex_motor.cpp.obj)
                0x03809060                vex::motor::motor(long, bool)
                0x03809060                vex::motor::motor(long, bool)
 .text._ZN3vex5motor10setTimeoutElNS_9timeUnitsE
                0x03809084       0x4c C:\Program Files (x86)\VEX Robotics\VEXcode Pro V5\sdk/vexv5\libv5rt.a(vex_motor.cpp.obj)
                0x03809084                vex::motor::setTimeout(long, vex::timeUnits)
 .text._ZN3vex5motor4spinENS_13directionTypeEdNS_12voltageUnitsE
                0x038090d0       0x50 C:\Program Files (x86)\VEX Robotics\VEXcode Pro V5\sdk/vexv5\libv5rt.a(vex_motor.cpp.obj)
                0x038090d0                vex::motor::spin(vex::directionType, double, vex::voltageUnits)
 .text._ZN3vex5motor10isSpinningEv
                0x03809120       0x38 C:\Program Files (x86)\VEX Robotics\VEXcode Pro V5\sdk/vexv5\libv5rt.a(vex_motor.cpp.obj)
                0x03809120                vex::motor::isSpinning()
 .text._ZN3vex5motor4stopENS_9brakeTypeE
                0x03809158       0x30 C:\Program Files (x86)\VEX Robotics\VEXcode Pro V5\sdk/vexv5\libv5rt.a(vex_motor.cpp.obj)
                0x03809158                vex::motor::stop(vex::brakeType)
 .text._ZN3vex5motor4stopEv
                0x03809188        0x8 C:\Program Files (x86)\VEX Robotics\VEXcode Pro V5\sdk/vexv5\libv5rt.a(vex_motor.cpp.obj)
                0x03809188                vex::motor::stop()
 .text._ZN3vex5motor7currentENS_12currentUnitsE
                0x03809190       0x30 C:\Program Files (x86)\VEX Robotics\VEXcode Pro V5\sdk/vexv5\libv5rt.a(vex_motor.cpp.obj)
                0x03809190                vex::motor::current(vex::currentUnits)
 .text._ZN3vex5motor11temperatureENS_16temperatureUnitsE
                0x038091c0       0x40 C:\Program Files (x86)\VEX Robotics\VEXcode Pro V5\sdk/vexv5\libv5rt.a(vex_motor.cpp.obj)
                0x038091c0                vex::motor::temperature(vex::temperatureUnits)
 .text._ZN3vex5motor16velocityToScaledEdNS_13velocityUnitsE
                0x03809200       0x5c C:\Program Files (x86)\VEX Robotics\VEXcode Pro V5\sdk/vexv5\libv5rt.a(vex_motor.cpp.obj)
                0x03809200                vex::motor::velocityToScaled(double, vex::velocityUnits)
 .text._ZN3vex5motor8velocityENS_13velocityUnitsE
                0x0380925c       0x30 C:\Program Files (x86)\VEX Robotics\VEXcode Pro V5\sdk/vexv5\libv5rt.a(vex_motor.cpp.obj)
                0x0380925c                vex::motor::velocity(vex::velocityUnits)
 .text._ZN3vex5motor5valueEv
                0x0380928c       0x1c C:\Program Files (x86)\VEX Robotics\VEXcode Pro V5\sdk/vexv5\libv5rt.a(vex_motor.cpp.obj)
                0x0380928c                vex::motor::value()
 .text._ZN3vex5motor16scaledToVelocityEdNS_13velocityUnitsE
                0x038092a8       0xa4 C:\Program Files (x86)\VEX Robotics\VEXcode Pro V5\sdk/vexv5\libv5rt.a(vex_motor.cpp.obj)
                0x038092a8                vex::motor::scaledToVelocity(double, vex::velocityUnits)
 .text._ZN3vex5motor4spinENS_13directionTypeEdNS_13velocityUnitsE
                0x0380934c       0x5c C:\Program Files (x86)\VEX Robotics\VEXcode Pro V5\sdk/vexv5\libv5rt.a(vex_motor.cpp.obj)
                0x0380934c                vex::motor::spin(vex::directionType, double, vex::velocityUnits)
 .text._ZN3vex5motor16setRotationUnitsENS_13rotationUnitsE
                0x038093a8       0x1c C:\Program Files (x86)\VEX Robotics\VEXcode Pro V5\sdk/vexv5\libv5rt.a(vex_motor.cpp.obj)
                0x038093a8                vex::motor::setRotationUnits(vex::rotationUnits)
 .text._ZN3vex5motor11setRotationEdNS_13rotationUnitsE
                0x038093c4       0x44 C:\Program Files (x86)\VEX Robotics\VEXcode Pro V5\sdk/vexv5\libv5rt.a(vex_motor.cpp.obj)
                0x038093c4                vex::motor::setRotation(double, vex::rotationUnits)
 .text._ZN3vex5motor13resetRotationEv
                0x03809408       0x20 C:\Program Files (x86)\VEX Robotics\VEXcode Pro V5\sdk/vexv5\libv5rt.a(vex_motor.cpp.obj)
                0x03809408                vex::motor::resetRotation()
 .text._ZN3vex5motor8rotateToEdNS_13rotationUnitsEdNS_13velocityUnitsEb
                0x03809428       0xc4 C:\Program Files (x86)\VEX Robotics\VEXcode Pro V5\sdk/vexv5\libv5rt.a(vex_motor.cpp.obj)
                0x03809428                vex::motor::rotateTo(double, vex::rotationUnits, double, vex::velocityUnits, bool)
 .text._ZN3vex5motor9rotateForEdNS_13rotationUnitsEdNS_13velocityUnitsEb
                0x038094ec       0xe0 C:\Program Files (x86)\VEX Robotics\VEXcode Pro V5\sdk/vexv5\libv5rt.a(vex_motor.cpp.obj)
                0x038094ec                vex::motor::rotateFor(double, vex::rotationUnits, double, vex::velocityUnits, bool)
 .text._ZN3vex5motor8rotationENS_13rotationUnitsE
                0x038095cc       0x44 C:\Program Files (x86)\VEX Robotics\VEXcode Pro V5\sdk/vexv5\libv5rt.a(vex_motor.cpp.obj)
                0x038095cc                vex::motor::rotation(vex::rotationUnits)
 .text._ZN3vex5motor8positionENS_13rotationUnitsE
                0x03809610        0x4 C:\Program Files (x86)\VEX Robotics\VEXcode Pro V5\sdk/vexv5\libv5rt.a(vex_motor.cpp.obj)
                0x03809610                vex::motor::position(vex::rotationUnits)
 .text._ZN3vex6vision9installedEv
                0x03809614       0x18 C:\Program Files (x86)\VEX Robotics\VEXcode Pro V5\sdk/vexv5\libv5rt.a(vex_vision.cpp.obj)
                0x03809614                vex::vision::installed()
 .text._ZN3vex6visionD2Ev
                0x0380962c       0x38 C:\Program Files (x86)\VEX Robotics\VEXcode Pro V5\sdk/vexv5\libv5rt.a(vex_vision.cpp.obj)
                0x0380962c                vex::vision::~vision()
                0x0380962c                vex::vision::~vision()
 .text._ZN3vex6visionD0Ev
                0x03809664       0x1c C:\Program Files (x86)\VEX Robotics\VEXcode Pro V5\sdk/vexv5\libv5rt.a(vex_vision.cpp.obj)
                0x03809664                vex::vision::~vision()
 .text._ZN3vex6vision12setSignatureERNS0_9signatureE
                0x03809680       0x70 C:\Program Files (x86)\VEX Robotics\VEXcode Pro V5\sdk/vexv5\libv5rt.a(vex_vision.cpp.obj)
                0x03809680                vex::vision::setSignature(vex::vision::signature&)
 .text._ZN3vex6vision7setModeENS0_13detectionModeE
                0x038096f0       0x18 C:\Program Files (x86)\VEX Robotics\VEXcode Pro V5\sdk/vexv5\libv5rt.a(vex_vision.cpp.obj)
                0x038096f0                vex::vision::setMode(vex::vision::detectionMode)
 .text._ZN3vex6vision13setBrightnessEh
                0x03809708       0x30 C:\Program Files (x86)\VEX Robotics\VEXcode Pro V5\sdk/vexv5\libv5rt.a(vex_vision.cpp.obj)
                0x03809708                vex::vision::setBrightness(unsigned char)
 .text._ZN3vex6vision10setLedModeENS0_7ledModeE
                0x03809738       0x18 C:\Program Files (x86)\VEX Robotics\VEXcode Pro V5\sdk/vexv5\libv5rt.a(vex_vision.cpp.obj)
                0x03809738                vex::vision::setLedMode(vex::vision::ledMode)
 .text._ZN3vex6vision16setLedBrightnessEh
                0x03809750       0x1c C:\Program Files (x86)\VEX Robotics\VEXcode Pro V5\sdk/vexv5\libv5rt.a(vex_vision.cpp.obj)
                0x03809750                vex::vision::setLedBrightness(unsigned char)
 .text._ZN3vex6vision11setLedColorEhhh
                0x0380976c       0x30 C:\Program Files (x86)\VEX Robotics\VEXcode Pro V5\sdk/vexv5\libv5rt.a(vex_vision.cpp.obj)
                0x0380976c                vex::vision::setLedColor(unsigned char, unsigned char, unsigned char)
 .text._ZN3vex6vision11setWifiModeENS0_8wifiModeE
                0x0380979c       0x18 C:\Program Files (x86)\VEX Robotics\VEXcode Pro V5\sdk/vexv5\libv5rt.a(vex_vision.cpp.obj)
                0x0380979c                vex::vision::setWifiMode(vex::vision::wifiMode)
 .text._ZN3vex6vision9signatureD2Ev
                0x038097b4        0x4 C:\Program Files (x86)\VEX Robotics\VEXcode Pro V5\sdk/vexv5\libv5rt.a(vex_vision.cpp.obj)
                0x038097b4                vex::vision::signature::~signature()
                0x038097b4                vex::vision::signature::~signature()
 .text._ZN3vex6vision9signature5clearEv
                0x038097b8       0x38 C:\Program Files (x86)\VEX Robotics\VEXcode Pro V5\sdk/vexv5\libv5rt.a(vex_vision.cpp.obj)
                0x038097b8                vex::vision::signature::clear()
 .text._ZN3vex6vision9signatureC2Ev
                0x038097f0       0x60 C:\Program Files (x86)\VEX Robotics\VEXcode Pro V5\sdk/vexv5\libv5rt.a(vex_vision.cpp.obj)
                0x038097f0                vex::vision::signature::signature()
                0x038097f0                vex::vision::signature::signature()
 .text._ZN3vex6vision9signatureC2Elllllllfl
                0x03809850       0x5c C:\Program Files (x86)\VEX Robotics\VEXcode Pro V5\sdk/vexv5\libv5rt.a(vex_vision.cpp.obj)
                0x03809850                vex::vision::signature::signature(long, long, long, long, long, long, long, float, long)
                0x03809850                vex::vision::signature::signature(long, long, long, long, long, long, long, float, long)
 *fill*         0x038098ac        0x4 
 .text._ZN3vex6vision6object3setE22_V5_DeviceVisionObject
                0x038098b0       0x78 C:\Program Files (x86)\VEX Robotics\VEXcode Pro V5\sdk/vexv5\libv5rt.a(vex_vision.cpp.obj)
                0x038098b0                vex::vision::object::set(_V5_DeviceVisionObject)
 .text._ZN3vex6vision6object5clearEv
                0x03809928       0x38 C:\Program Files (x86)\VEX Robotics\VEXcode Pro V5\sdk/vexv5\libv5rt.a(vex_vision.cpp.obj)
                0x03809928                vex::vision::object::clear()
 .text._ZN3vex6vision6objectC2Ev
                0x03809960       0x58 C:\Program Files (x86)\VEX Robotics\VEXcode Pro V5\sdk/vexv5\libv5rt.a(vex_vision.cpp.obj)
                0x03809960                vex::vision::object::object()
                0x03809960                vex::vision::object::object()
 .text._ZN3vex6vision13_clearObjectsEv
                0x038099b8       0x40 C:\Program Files (x86)\VEX Robotics\VEXcode Pro V5\sdk/vexv5\libv5rt.a(vex_vision.cpp.obj)
                0x038099b8                vex::vision::_clearObjects()
 .text._ZN3vex6vision6objectaSERKS1_
                0x038099f8       0x74 C:\Program Files (x86)\VEX Robotics\VEXcode Pro V5\sdk/vexv5\libv5rt.a(vex_vision.cpp.obj)
                0x038099f8                vex::vision::object::operator=(vex::vision::object const&)
 .text._ZN3vex6vision12takeSnapshotEmm
                0x03809a6c       0xf4 C:\Program Files (x86)\VEX Robotics\VEXcode Pro V5\sdk/vexv5\libv5rt.a(vex_vision.cpp.obj)
                0x03809a6c                vex::vision::takeSnapshot(unsigned long, unsigned long)
 .text._ZN3vex6vision12takeSnapshotEm
                0x03809b60        0x8 C:\Program Files (x86)\VEX Robotics\VEXcode Pro V5\sdk/vexv5\libv5rt.a(vex_vision.cpp.obj)
                0x03809b60                vex::vision::takeSnapshot(unsigned long)
 .text._ZN3vex6vision5valueEv
                0x03809b68        0x8 C:\Program Files (x86)\VEX Robotics\VEXcode Pro V5\sdk/vexv5\libv5rt.a(vex_vision.cpp.obj)
                0x03809b68                vex::vision::value()
 .text._ZN3vex6vision12takeSnapshotERNS0_9signatureE
                0x03809b70       0x10 C:\Program Files (x86)\VEX Robotics\VEXcode Pro V5\sdk/vexv5\libv5rt.a(vex_vision.cpp.obj)
                0x03809b70                vex::vision::takeSnapshot(vex::vision::signature&)
 .text._ZN3vex6vision12takeSnapshotERNS0_9signatureEm
                0x03809b80        0xc C:\Program Files (x86)\VEX Robotics\VEXcode Pro V5\sdk/vexv5\libv5rt.a(vex_vision.cpp.obj)
                0x03809b80                vex::vision::takeSnapshot(vex::vision::signature&, unsigned long)
 .text._ZN3vex6vision6objectaSEl
                0x03809b8c       0x38 C:\Program Files (x86)\VEX Robotics\VEXcode Pro V5\sdk/vexv5\libv5rt.a(vex_vision.cpp.obj)
                0x03809b8c                vex::vision::object::operator=(long)
 .text._ZN3vex6visionC2El
                0x03809bc4       0xa4 C:\Program Files (x86)\VEX Robotics\VEXcode Pro V5\sdk/vexv5\libv5rt.a(vex_vision.cpp.obj)
                0x03809bc4                vex::vision::vision(long)
                0x03809bc4                vex::vision::vision(long)
 .text._ZN3vex8inertial10setHeadingEdNS_13rotationUnitsE
                0x03809c68       0x60 C:\Program Files (x86)\VEX Robotics\VEXcode Pro V5\sdk/vexv5\libv5rt.a(vex_imu.cpp.obj)
                0x03809c68                vex::inertial::setHeading(double, vex::rotationUnits)
 .text._ZThn16_N3vex8inertial10setHeadingEdNS_13rotationUnitsE
                0x03809cc8        0x8 C:\Program Files (x86)\VEX Robotics\VEXcode Pro V5\sdk/vexv5\libv5rt.a(vex_imu.cpp.obj)
                0x03809cc8                non-virtual thunk to vex::inertial::setHeading(double, vex::rotationUnits)
 .text._ZN3vex8inertial11setRotationEdNS_13rotationUnitsE
                0x03809cd0       0x60 C:\Program Files (x86)\VEX Robotics\VEXcode Pro V5\sdk/vexv5\libv5rt.a(vex_imu.cpp.obj)
                0x03809cd0                vex::inertial::setRotation(double, vex::rotationUnits)
 .text._ZThn16_N3vex8inertial11setRotationEdNS_13rotationUnitsE
                0x03809d30        0x8 C:\Program Files (x86)\VEX Robotics\VEXcode Pro V5\sdk/vexv5\libv5rt.a(vex_imu.cpp.obj)
                0x03809d30                non-virtual thunk to vex::inertial::setRotation(double, vex::rotationUnits)
 .text._ZN3vex8inertialD2Ev
                0x03809d38       0x20 C:\Program Files (x86)\VEX Robotics\VEXcode Pro V5\sdk/vexv5\libv5rt.a(vex_imu.cpp.obj)
                0x03809d38                vex::inertial::~inertial()
                0x03809d38                vex::inertial::~inertial()
 .text._ZThn16_N3vex8inertialD1Ev
                0x03809d58        0x8 C:\Program Files (x86)\VEX Robotics\VEXcode Pro V5\sdk/vexv5\libv5rt.a(vex_imu.cpp.obj)
                0x03809d58                non-virtual thunk to vex::inertial::~inertial()
 .text._ZN3vex8inertialD0Ev
                0x03809d60       0x1c C:\Program Files (x86)\VEX Robotics\VEXcode Pro V5\sdk/vexv5\libv5rt.a(vex_imu.cpp.obj)
                0x03809d60                vex::inertial::~inertial()
 .text._ZThn16_N3vex8inertialD0Ev
                0x03809d7c        0x8 C:\Program Files (x86)\VEX Robotics\VEXcode Pro V5\sdk/vexv5\libv5rt.a(vex_imu.cpp.obj)
                0x03809d7c                non-virtual thunk to vex::inertial::~inertial()
 .text._ZN3vex8inertial9installedEv
                0x03809d84       0x18 C:\Program Files (x86)\VEX Robotics\VEXcode Pro V5\sdk/vexv5\libv5rt.a(vex_imu.cpp.obj)
                0x03809d84                vex::inertial::installed()
 .text._ZN3vex8inertial5angleENS_13rotationUnitsE
                0x03809d9c       0x60 C:\Program Files (x86)\VEX Robotics\VEXcode Pro V5\sdk/vexv5\libv5rt.a(vex_imu.cpp.obj)
                0x03809d9c                vex::inertial::angle(vex::rotationUnits)
 .text._ZThn16_N3vex8inertial5angleENS_13rotationUnitsE
                0x03809dfc        0x8 C:\Program Files (x86)\VEX Robotics\VEXcode Pro V5\sdk/vexv5\libv5rt.a(vex_imu.cpp.obj)
                0x03809dfc                non-virtual thunk to vex::inertial::angle(vex::rotationUnits)
 .text._ZN3vex8inertial7headingENS_13rotationUnitsE
                0x03809e04        0x4 C:\Program Files (x86)\VEX Robotics\VEXcode Pro V5\sdk/vexv5\libv5rt.a(vex_imu.cpp.obj)
                0x03809e04                vex::inertial::heading(vex::rotationUnits)
 .text._ZThn16_N3vex8inertial7headingENS_13rotationUnitsE
                0x03809e08        0x8 C:\Program Files (x86)\VEX Robotics\VEXcode Pro V5\sdk/vexv5\libv5rt.a(vex_imu.cpp.obj)
                0x03809e08                non-virtual thunk to vex::inertial::heading(vex::rotationUnits)
 .text._ZN3vex8inertial5valueEv
                0x03809e10       0x1c C:\Program Files (x86)\VEX Robotics\VEXcode Pro V5\sdk/vexv5\libv5rt.a(vex_imu.cpp.obj)
                0x03809e10                vex::inertial::value()
 *fill*         0x03809e2c        0x4 
 .text._ZN3vex8inertial8rotationENS_13rotationUnitsE
                0x03809e30       0x40 C:\Program Files (x86)\VEX Robotics\VEXcode Pro V5\sdk/vexv5\libv5rt.a(vex_imu.cpp.obj)
                0x03809e30                vex::inertial::rotation(vex::rotationUnits)
 .text._ZThn16_N3vex8inertial8rotationENS_13rotationUnitsE
                0x03809e70        0x8 C:\Program Files (x86)\VEX Robotics\VEXcode Pro V5\sdk/vexv5\libv5rt.a(vex_imu.cpp.obj)
                0x03809e70                non-virtual thunk to vex::inertial::rotation(vex::rotationUnits)
 .text._ZN3vex8inertial13isCalibratingEv
                0x03809e78       0x38 C:\Program Files (x86)\VEX Robotics\VEXcode Pro V5\sdk/vexv5\libv5rt.a(vex_imu.cpp.obj)
                0x03809e78                vex::inertial::isCalibrating()
 .text._ZThn16_N3vex8inertial13isCalibratingEv
                0x03809eb0        0x8 C:\Program Files (x86)\VEX Robotics\VEXcode Pro V5\sdk/vexv5\libv5rt.a(vex_imu.cpp.obj)
                0x03809eb0                non-virtual thunk to vex::inertial::isCalibrating()
 .text._ZN3vex8inertialC2El
                0x03809eb8       0x48 C:\Program Files (x86)\VEX Robotics\VEXcode Pro V5\sdk/vexv5\libv5rt.a(vex_imu.cpp.obj)
                0x03809eb8                vex::inertial::inertial(long)
                0x03809eb8                vex::inertial::inertial(long)
 .text._ZN3vex8inertial13resetRotationEv
                0x03809f00       0x20 C:\Program Files (x86)\VEX Robotics\VEXcode Pro V5\sdk/vexv5\libv5rt.a(vex_imu.cpp.obj)
                0x03809f00                vex::inertial::resetRotation()
 .text._ZN3vex8inertial16startCalibrationEl
                0x03809f20       0x20 C:\Program Files (x86)\VEX Robotics\VEXcode Pro V5\sdk/vexv5\libv5rt.a(vex_imu.cpp.obj)
                0x03809f20                vex::inertial::startCalibration(long)
 .text._ZN3vex8inertial9calibrateEl
                0x03809f40        0xc C:\Program Files (x86)\VEX Robotics\VEXcode Pro V5\sdk/vexv5\libv5rt.a(vex_imu.cpp.obj)
                0x03809f40                vex::inertial::calibrate(long)
                0x03809f44                non-virtual thunk to vex::inertial::calibrate(long)
 .text._ZN3vex10controllerD2Ev
                0x03809f4c        0x4 C:\Program Files (x86)\VEX Robotics\VEXcode Pro V5\sdk/vexv5\libv5rt.a(vex_controller.cpp.obj)
                0x03809f4c                vex::controller::~controller()
                0x03809f4c                vex::controller::~controller()
 .text._ZN3vex10controller5valueE19_V5_ControllerIndex
                0x03809f50        0x8 C:\Program Files (x86)\VEX Robotics\VEXcode Pro V5\sdk/vexv5\libv5rt.a(vex_controller.cpp.obj)
                0x03809f50                vex::controller::value(_V5_ControllerIndex)
 .text._ZN3vex10controller6button8pressingEv
                0x03809f58       0xc8 C:\Program Files (x86)\VEX Robotics\VEXcode Pro V5\sdk/vexv5\libv5rt.a(vex_controller.cpp.obj)
                0x03809f58                vex::controller::button::pressing()
 .text._ZN3vex10controller6button21_buttonToPressedEventEv
                0x0380a020       0x20 C:\Program Files (x86)\VEX Robotics\VEXcode Pro V5\sdk/vexv5\libv5rt.a(vex_controller.cpp.obj)
                0x0380a020                vex::controller::button::_buttonToPressedEvent()
 .text._ZN3vex10controller6button22_buttonToReleasedEventEv
                0x0380a040       0x20 C:\Program Files (x86)\VEX Robotics\VEXcode Pro V5\sdk/vexv5\libv5rt.a(vex_controller.cpp.obj)
                0x0380a040                vex::controller::button::_buttonToReleasedEvent()
 .text._ZN3vex10controller6buttonC2ENS0_11tButtonTypeEPS0_
                0x0380a060       0x48 C:\Program Files (x86)\VEX Robotics\VEXcode Pro V5\sdk/vexv5\libv5rt.a(vex_controller.cpp.obj)
                0x0380a060                vex::controller::button::button(vex::controller::tButtonType, vex::controller*)
                0x0380a060                vex::controller::button::button(vex::controller::tButtonType, vex::controller*)
 .text._ZN3vex10controller4axis5valueEv
                0x0380a0a8       0x58 C:\Program Files (x86)\VEX Robotics\VEXcode Pro V5\sdk/vexv5\libv5rt.a(vex_controller.cpp.obj)
                0x0380a0a8                vex::controller::axis::value()
 .text._ZN3vex10controller4axis8positionENS_12percentUnitsE
                0x0380a100       0x1c C:\Program Files (x86)\VEX Robotics\VEXcode Pro V5\sdk/vexv5\libv5rt.a(vex_controller.cpp.obj)
                0x0380a100                vex::controller::axis::position(vex::percentUnits)
 .text._ZN3vex10controller4axis23_joystickToChangedEventEv
                0x0380a11c       0x20 C:\Program Files (x86)\VEX Robotics\VEXcode Pro V5\sdk/vexv5\libv5rt.a(vex_controller.cpp.obj)
                0x0380a11c                vex::controller::axis::_joystickToChangedEvent()
 .text._ZN3vex10controller4axisC2ENS0_9tAxisTypeEPS0_
                0x0380a13c       0x2c C:\Program Files (x86)\VEX Robotics\VEXcode Pro V5\sdk/vexv5\libv5rt.a(vex_controller.cpp.obj)
                0x0380a13c                vex::controller::axis::axis(vex::controller::tAxisType, vex::controller*)
                0x0380a13c                vex::controller::axis::axis(vex::controller::tAxisType, vex::controller*)
 .text._ZN3vex10controllerC2Ev
                0x0380a168      0x204 C:\Program Files (x86)\VEX Robotics\VEXcode Pro V5\sdk/vexv5\libv5rt.a(vex_controller.cpp.obj)
                0x0380a168                vex::controller::controller()
                0x0380a168                vex::controller::controller()
 .text._ZN3vex10controller3lcd15getControllerIdEv
                0x0380a36c       0x10 C:\Program Files (x86)\VEX Robotics\VEXcode Pro V5\sdk/vexv5\libv5rt.a(vex_controller.cpp.obj)
                0x0380a36c                vex::controller::lcd::getControllerId()
 .text._ZN3vex10controller3lcd9setCursorEll
                0x0380a37c       0x40 C:\Program Files (x86)\VEX Robotics\VEXcode Pro V5\sdk/vexv5\libv5rt.a(vex_controller.cpp.obj)
                0x0380a37c                vex::controller::lcd::setCursor(long, long)
 .text._ZN3vex10controller3lcd5printEPKcz
                0x0380a3bc       0x74 C:\Program Files (x86)\VEX Robotics\VEXcode Pro V5\sdk/vexv5\libv5rt.a(vex_controller.cpp.obj)
                0x0380a3bc                vex::controller::lcd::print(char const*, ...)
 .text._ZN3vex10controller3lcd9clearLineEi
                0x0380a430       0x44 C:\Program Files (x86)\VEX Robotics\VEXcode Pro V5\sdk/vexv5\libv5rt.a(vex_controller.cpp.obj)
                0x0380a430                vex::controller::lcd::clearLine(int)
 .text._ZN3vex10controller3lcd11clearScreenEv
                0x0380a474       0x5c C:\Program Files (x86)\VEX Robotics\VEXcode Pro V5\sdk/vexv5\libv5rt.a(vex_controller.cpp.obj)
                0x0380a474                vex::controller::lcd::clearScreen()
 .text._ZN3vex6threadC2EPFivE
                0x0380a4d0       0x5c C:\Program Files (x86)\VEX Robotics\VEXcode Pro V5\sdk/vexv5\libv5rt.a(vex_thread.cpp.obj)
                0x0380a4d0                vex::thread::thread(int (*)())
                0x0380a4d0                vex::thread::thread(int (*)())
 .text._ZN3vex6threadC2EPFiPvES1_
                0x0380a52c       0x5c C:\Program Files (x86)\VEX Robotics\VEXcode Pro V5\sdk/vexv5\libv5rt.a(vex_thread.cpp.obj)
                0x0380a52c                vex::thread::thread(int (*)(void*), void*)
                0x0380a52c                vex::thread::thread(int (*)(void*), void*)
 .text._ZN3vex6threadD2Ev
                0x0380a588        0x4 C:\Program Files (x86)\VEX Robotics\VEXcode Pro V5\sdk/vexv5\libv5rt.a(vex_thread.cpp.obj)
                0x0380a588                vex::thread::~thread()
                0x0380a588                vex::thread::~thread()
 .text._ZN3vex6thread8joinableEv
                0x0380a58c       0x28 C:\Program Files (x86)\VEX Robotics\VEXcode Pro V5\sdk/vexv5\libv5rt.a(vex_thread.cpp.obj)
                0x0380a58c                vex::thread::joinable()
 .text._ZN3vex6thread9interruptEv
                0x0380a5b4       0x18 C:\Program Files (x86)\VEX Robotics\VEXcode Pro V5\sdk/vexv5\libv5rt.a(vex_thread.cpp.obj)
                0x0380a5b4                vex::thread::interrupt()
 .text._ZN3vex11this_thread9sleep_forEm
                0x0380a5cc        0x4 C:\Program Files (x86)\VEX Robotics\VEXcode Pro V5\sdk/vexv5\libv5rt.a(vex_thread.cpp.obj)
                0x0380a5cc                vex::this_thread::sleep_for(unsigned long)
 .text._ZN3vex5event4initEmmPFvvE
                0x0380a5d0        0x4 C:\Program Files (x86)\VEX Robotics\VEXcode Pro V5\sdk/vexv5\libv5rt.a(vex_event.cpp.obj)
                0x0380a5d0                vex::event::init(unsigned long, unsigned long, void (*)())
 .text._ZN3vex5event4initEmmPFvPvES1_
                0x0380a5d4        0x4 C:\Program Files (x86)\VEX Robotics\VEXcode Pro V5\sdk/vexv5\libv5rt.a(vex_event.cpp.obj)
                0x0380a5d4                vex::event::init(unsigned long, unsigned long, void (*)(void*), void*)
 .text._ZN3vex5event9userindexEv
                0x0380a5d8        0x4 C:\Program Files (x86)\VEX Robotics\VEXcode Pro V5\sdk/vexv5\libv5rt.a(vex_event.cpp.obj)
                0x0380a5d8                vex::event::userindex()
 .text._ZZN3vex6meventC4EmmENUlvE_4_FUNEv
                0x0380a5dc        0x4 C:\Program Files (x86)\VEX Robotics\VEXcode Pro V5\sdk/vexv5\libv5rt.a(vex_mevent.cpp.obj)
 .text._ZN3vex6meventC2Emm
                0x0380a5e0       0x70 C:\Program Files (x86)\VEX Robotics\VEXcode Pro V5\sdk/vexv5\libv5rt.a(vex_mevent.cpp.obj)
                0x0380a5e0                vex::mevent::mevent(unsigned long, unsigned long)
                0x0380a5e0                vex::mevent::mevent(unsigned long, unsigned long)
 .text._ZN3vex5brain9_getIndexEv
                0x0380a650       0x10 C:\Program Files (x86)\VEX Robotics\VEXcode Pro V5\sdk/vexv5\libv5rt.a(vex_brain.cpp.obj)
                0x0380a650                vex::brain::_getIndex()
 .text._ZN3vex5brain3lcd9setCursorEll
                0x0380a660       0x44 C:\Program Files (x86)\VEX Robotics\VEXcode Pro V5\sdk/vexv5\libv5rt.a(vex_brain.cpp.obj)
                0x0380a660                vex::brain::lcd::setCursor(long, long)
 .text._ZN3vex5brain3lcd7setFontENS_8fontTypeE
                0x0380a6a4      0x23c C:\Program Files (x86)\VEX Robotics\VEXcode Pro V5\sdk/vexv5\libv5rt.a(vex_brain.cpp.obj)
                0x0380a6a4                vex::brain::lcd::setFont(vex::fontType)
 .text._ZN3vex5brain3lcdC2Ev
                0x0380a8e0       0x94 C:\Program Files (x86)\VEX Robotics\VEXcode Pro V5\sdk/vexv5\libv5rt.a(vex_brain.cpp.obj)
                0x0380a8e0                vex::brain::lcd::lcd()
                0x0380a8e0                vex::brain::lcd::lcd()
 .text._ZN3vex5brainC2Ev
                0x0380a974       0x38 C:\Program Files (x86)\VEX Robotics\VEXcode Pro V5\sdk/vexv5\libv5rt.a(vex_brain.cpp.obj)
                0x0380a974                vex::brain::brain()
                0x0380a974                vex::brain::brain()
 .text._ZN3vex5brain3lcd11setPenColorERKNS_5colorE
                0x0380a9ac       0x14 C:\Program Files (x86)\VEX Robotics\VEXcode Pro V5\sdk/vexv5\libv5rt.a(vex_brain.cpp.obj)
                0x0380a9ac                vex::brain::lcd::setPenColor(vex::color const&)
 .text._ZN3vex5brain3lcd7printAtEllPKcz
                0x0380a9c0       0x6c C:\Program Files (x86)\VEX Robotics\VEXcode Pro V5\sdk/vexv5\libv5rt.a(vex_brain.cpp.obj)
                0x0380a9c0                vex::brain::lcd::printAt(long, long, char const*, ...)
 .text._ZN3vex5brain3lcd7printAtEllbPKcz
                0x0380aa2c       0x64 C:\Program Files (x86)\VEX Robotics\VEXcode Pro V5\sdk/vexv5\libv5rt.a(vex_brain.cpp.obj)
                0x0380aa2c                vex::brain::lcd::printAt(long, long, bool, char const*, ...)
 .text._ZN3vex5brain3lcd12_clearScreenEm
                0x0380aa90       0x38 C:\Program Files (x86)\VEX Robotics\VEXcode Pro V5\sdk/vexv5\libv5rt.a(vex_brain.cpp.obj)
                0x0380aa90                vex::brain::lcd::_clearScreen(unsigned long)
 .text._ZN3vex5brain3lcd11clearScreenERKNS_5colorE
                0x0380aac8       0x20 C:\Program Files (x86)\VEX Robotics\VEXcode Pro V5\sdk/vexv5\libv5rt.a(vex_brain.cpp.obj)
                0x0380aac8                vex::brain::lcd::clearScreen(vex::color const&)
 .text._ZN3vex5brain3lcd9drawPixelEii
                0x0380aae8       0x14 C:\Program Files (x86)\VEX Robotics\VEXcode Pro V5\sdk/vexv5\libv5rt.a(vex_brain.cpp.obj)
                0x0380aae8                vex::brain::lcd::drawPixel(int, int)
 .text._ZN3vex5brain3lcd8drawLineEiiii
                0x0380aafc      0x2c4 C:\Program Files (x86)\VEX Robotics\VEXcode Pro V5\sdk/vexv5\libv5rt.a(vex_brain.cpp.obj)
                0x0380aafc                vex::brain::lcd::drawLine(int, int, int, int)
 .text._ZN3vex5brain3lcd13drawRectangleEiiii
                0x0380adc0       0xdc C:\Program Files (x86)\VEX Robotics\VEXcode Pro V5\sdk/vexv5\libv5rt.a(vex_brain.cpp.obj)
                0x0380adc0                vex::brain::lcd::drawRectangle(int, int, int, int)
 .text._ZN3vex5brain3lcd14_drawRectangleEiiiim
                0x0380ae9c       0x74 C:\Program Files (x86)\VEX Robotics\VEXcode Pro V5\sdk/vexv5\libv5rt.a(vex_brain.cpp.obj)
                0x0380ae9c                vex::brain::lcd::_drawRectangle(int, int, int, int, unsigned long)
 .text._ZN3vex5brain3lcd13drawRectangleEiiiiRKNS_5colorE
                0x0380af10       0x68 C:\Program Files (x86)\VEX Robotics\VEXcode Pro V5\sdk/vexv5\libv5rt.a(vex_brain.cpp.obj)
                0x0380af10                vex::brain::lcd::drawRectangle(int, int, int, int, vex::color const&)
 .text._ZN3vex5brain3lcd10drawCircleEiii
                0x0380af78       0xa4 C:\Program Files (x86)\VEX Robotics\VEXcode Pro V5\sdk/vexv5\libv5rt.a(vex_brain.cpp.obj)
                0x0380af78                vex::brain::lcd::drawCircle(int, int, int)
 .text._ZN3vex5brain3lcd9xPositionEv
                0x0380b01c       0x24 C:\Program Files (x86)\VEX Robotics\VEXcode Pro V5\sdk/vexv5\libv5rt.a(vex_brain.cpp.obj)
                0x0380b01c                vex::brain::lcd::xPosition()
 .text._ZN3vex5brain3lcd9yPositionEv
                0x0380b040       0x24 C:\Program Files (x86)\VEX Robotics\VEXcode Pro V5\sdk/vexv5\libv5rt.a(vex_brain.cpp.obj)
                0x0380b040                vex::brain::lcd::yPosition()
 .text._ZN3vex5brain3lcd8pressingEv
                0x0380b064       0x20 C:\Program Files (x86)\VEX Robotics\VEXcode Pro V5\sdk/vexv5\libv5rt.a(vex_brain.cpp.obj)
                0x0380b064                vex::brain::lcd::pressing()
 .text._ZN3vex5brain7battery8capacityENS_12percentUnitsE
                0x0380b084       0x18 C:\Program Files (x86)\VEX Robotics\VEXcode Pro V5\sdk/vexv5\libv5rt.a(vex_brain.cpp.obj)
                0x0380b084                vex::brain::battery::capacity(vex::percentUnits)
 .text._ZN3vex5brainD2Ev
                0x0380b09c       0x20 C:\Program Files (x86)\VEX Robotics\VEXcode Pro V5\sdk/vexv5\libv5rt.a(vex_brain.cpp.obj)
                0x0380b09c                vex::brain::~brain()
                0x0380b09c                vex::brain::~brain()
 .text._ZN3vex11competition11_autonomousEv
                0x0380b0bc       0x90 C:\Program Files (x86)\VEX Robotics\VEXcode Pro V5\sdk/vexv5\libv5rt.a(vex_competition.cpp.obj)
                0x0380b0bc                vex::competition::_autonomous()
 .text._ZN3vex11competition14_drivercontrolEv
                0x0380b14c       0x90 C:\Program Files (x86)\VEX Robotics\VEXcode Pro V5\sdk/vexv5\libv5rt.a(vex_competition.cpp.obj)
                0x0380b14c                vex::competition::_drivercontrol()
 .text._ZN3vex11competition8_disableEPv
                0x0380b1dc       0xc8 C:\Program Files (x86)\VEX Robotics\VEXcode Pro V5\sdk/vexv5\libv5rt.a(vex_competition.cpp.obj)
                0x0380b1dc                vex::competition::_disable(void*)
 .text._ZN3vex11competitionC2Ev
                0x0380b2a4      0x13c C:\Program Files (x86)\VEX Robotics\VEXcode Pro V5\sdk/vexv5\libv5rt.a(vex_competition.cpp.obj)
                0x0380b2a4                vex::competition::competition()
                0x0380b2a4                vex::competition::competition()
 .text._ZN3vex11competitionD2Ev
                0x0380b3e0        0x4 C:\Program Files (x86)\VEX Robotics\VEXcode Pro V5\sdk/vexv5\libv5rt.a(vex_competition.cpp.obj)
                0x0380b3e0                vex::competition::~competition()
                0x0380b3e0                vex::competition::~competition()
 .text._ZN3vex11competition10autonomousEPFvvE
                0x0380b3e4       0x44 C:\Program Files (x86)\VEX Robotics\VEXcode Pro V5\sdk/vexv5\libv5rt.a(vex_competition.cpp.obj)
                0x0380b3e4                vex::competition::autonomous(void (*)())
 .text._ZN3vex11competition13drivercontrolEPFvvE
                0x0380b428       0x44 C:\Program Files (x86)\VEX Robotics\VEXcode Pro V5\sdk/vexv5\libv5rt.a(vex_competition.cpp.obj)
                0x0380b428                vex::competition::drivercontrol(void (*)())
 .text._ZN3vex7triportD2Ev
                0x0380b46c       0x38 C:\Program Files (x86)\VEX Robotics\VEXcode Pro V5\sdk/vexv5\libv5rt.a(vex_triport.cpp.obj)
                0x0380b46c                vex::triport::~triport()
                0x0380b46c                vex::triport::~triport()
 .text._ZN3vex7triportD0Ev
                0x0380b4a4       0x1c C:\Program Files (x86)\VEX Robotics\VEXcode Pro V5\sdk/vexv5\libv5rt.a(vex_triport.cpp.obj)
                0x0380b4a4                vex::triport::~triport()
 .text._ZN3vex7triport9installedEv
                0x0380b4c0       0x18 C:\Program Files (x86)\VEX Robotics\VEXcode Pro V5\sdk/vexv5\libv5rt.a(vex_triport.cpp.obj)
                0x0380b4c0                vex::triport::installed()
 .text._ZN3vex7triport4portC2ElPS0_
                0x0380b4d8       0x74 C:\Program Files (x86)\VEX Robotics\VEXcode Pro V5\sdk/vexv5\libv5rt.a(vex_triport.cpp.obj)
                0x0380b4d8                vex::triport::port::port(long, vex::triport*)
                0x0380b4d8                vex::triport::port::port(long, vex::triport*)
 .text._ZN3vex7triportC2El
                0x0380b54c       0xf0 C:\Program Files (x86)\VEX Robotics\VEXcode Pro V5\sdk/vexv5\libv5rt.a(vex_triport.cpp.obj)
                0x0380b54c                vex::triport::triport(long)
                0x0380b54c                vex::triport::triport(long)
 .text._ZN3vex7triport4port4typeENS_11triportTypeE
                0x0380b63c       0x30 C:\Program Files (x86)\VEX Robotics\VEXcode Pro V5\sdk/vexv5\libv5rt.a(vex_triport.cpp.obj)
                0x0380b63c                vex::triport::port::type(vex::triportType)
 .text._ZN3vex7triport4port4typeEv
                0x0380b66c       0x38 C:\Program Files (x86)\VEX Robotics\VEXcode Pro V5\sdk/vexv5\libv5rt.a(vex_triport.cpp.obj)
                0x0380b66c                vex::triport::port::type()
 .text._ZN3vex7triport4port5valueEv
                0x0380b6a4       0x14 C:\Program Files (x86)\VEX Robotics\VEXcode Pro V5\sdk/vexv5\libv5rt.a(vex_triport.cpp.obj)
                0x0380b6a4                vex::triport::port::value()
 .text._ZN3vex7triport4port14_convertAnalogENS_11analogUnitsE
                0x0380b6b8       0x58 C:\Program Files (x86)\VEX Robotics\VEXcode Pro V5\sdk/vexv5\libv5rt.a(vex_triport.cpp.obj)
                0x0380b6b8                vex::triport::port::_convertAnalog(vex::analogUnits)
 .text._ZN3vex11__trideviceC2ERNS_7triport4portENS_11triportTypeE
                0x0380b710       0x5c C:\Program Files (x86)\VEX Robotics\VEXcode Pro V5\sdk/vexv5\libv5rt.a(vex_triport.cpp.obj)
                0x0380b710                vex::__tridevice::__tridevice(vex::triport::port&, vex::triportType)
                0x0380b710                vex::__tridevice::__tridevice(vex::triport::port&, vex::triportType)
 .text._ZN3vex11__tridevice14_convertAnalogENS_11analogUnitsE
                0x0380b76c        0x8 C:\Program Files (x86)\VEX Robotics\VEXcode Pro V5\sdk/vexv5\libv5rt.a(vex_triport.cpp.obj)
                0x0380b76c                vex::__tridevice::_convertAnalog(vex::analogUnits)
 .text._ZN3vex4lineC2ERNS_7triport4portE
                0x0380b774       0x20 C:\Program Files (x86)\VEX Robotics\VEXcode Pro V5\sdk/vexv5\libv5rt.a(vex_triport.cpp.obj)
                0x0380b774                vex::line::line(vex::triport::port&)
                0x0380b774                vex::line::line(vex::triport::port&)
 .text._ZN3vex4lineD2Ev
                0x0380b794        0x4 C:\Program Files (x86)\VEX Robotics\VEXcode Pro V5\sdk/vexv5\libv5rt.a(vex_triport.cpp.obj)
                0x0380b794                vex::line::~line()
                0x0380b794                vex::line::~line()
 .text._ZN3vex4line5valueENS_11analogUnitsE
                0x0380b798        0x4 C:\Program Files (x86)\VEX Robotics\VEXcode Pro V5\sdk/vexv5\libv5rt.a(vex_triport.cpp.obj)
                0x0380b798                vex::line::value(vex::analogUnits)
 .text.startup._GLOBAL__sub_I__ZN3vex7triportC2El
                0x0380b79c       0x30 C:\Program Files (x86)\VEX Robotics\VEXcode Pro V5\sdk/vexv5\libv5rt.a(vex_triport.cpp.obj)
 .text._ZN3vex5colorD2Ev
                0x0380b7cc        0x4 C:\Program Files (x86)\VEX Robotics\VEXcode Pro V5\sdk/vexv5\libv5rt.a(vex_color.cpp.obj)
                0x0380b7cc                vex::color::~color()
                0x0380b7cc                vex::color::~color()
 .text._ZN3vex5colorC2Ev
                0x0380b7d0       0x10 C:\Program Files (x86)\VEX Robotics\VEXcode Pro V5\sdk/vexv5\libv5rt.a(vex_color.cpp.obj)
                0x0380b7d0                vex::color::color()
                0x0380b7d0                vex::color::color()
 .text._ZN3vex5colorC2Ei
                0x0380b7e0       0x10 C:\Program Files (x86)\VEX Robotics\VEXcode Pro V5\sdk/vexv5\libv5rt.a(vex_color.cpp.obj)
                0x0380b7e0                vex::color::color(int)
                0x0380b7e0                vex::color::color(int)
 .text._ZNK3vex5color3rgbEv
                0x0380b7f0        0x8 C:\Program Files (x86)\VEX Robotics\VEXcode Pro V5\sdk/vexv5\libv5rt.a(vex_color.cpp.obj)
                0x0380b7f0                vex::color::rgb() const
 .text._ZNK3vex5colorcvmEv
                0x0380b7f8        0x8 C:\Program Files (x86)\VEX Robotics\VEXcode Pro V5\sdk/vexv5\libv5rt.a(vex_color.cpp.obj)
                0x0380b7f8                vex::color::operator unsigned long() const
 .text._ZNK3vex5color13isTransparentEv
                0x0380b800        0x8 C:\Program Files (x86)\VEX Robotics\VEXcode Pro V5\sdk/vexv5\libv5rt.a(vex_color.cpp.obj)
                0x0380b800                vex::color::isTransparent() const
 .text.startup._GLOBAL__sub_I__ZN3vex5color5blackE
                0x0380b808      0x164 C:\Program Files (x86)\VEX Robotics\VEXcode Pro V5\sdk/vexv5\libv5rt.a(vex_color.cpp.obj)
 .text._ZN3vex5timerD2Ev
                0x0380b96c        0x4 C:\Program Files (x86)\VEX Robotics\VEXcode Pro V5\sdk/vexv5\libv5rt.a(vex_timer.cpp.obj)
                0x0380b96c                vex::timer::~timer()
                0x0380b96c                vex::timer::~timer()
 .text._ZN3vex5timer5clearEv
                0x0380b970       0x1c C:\Program Files (x86)\VEX Robotics\VEXcode Pro V5\sdk/vexv5\libv5rt.a(vex_timer.cpp.obj)
                0x0380b970                vex::timer::clear()
 .text._ZN3vex5timerC2Ev
                0x0380b98c       0x14 C:\Program Files (x86)\VEX Robotics\VEXcode Pro V5\sdk/vexv5\libv5rt.a(vex_timer.cpp.obj)
                0x0380b98c                vex::timer::timer()
                0x0380b98c                vex::timer::timer()
 .text._ZN3vex5timer5resetEv
                0x0380b9a0        0x4 C:\Program Files (x86)\VEX Robotics\VEXcode Pro V5\sdk/vexv5\libv5rt.a(vex_timer.cpp.obj)
                0x0380b9a0                vex::timer::reset()
 .text._ZNK3vex5timer4timeEv
                0x0380b9a4       0x1c C:\Program Files (x86)\VEX Robotics\VEXcode Pro V5\sdk/vexv5\libv5rt.a(vex_timer.cpp.obj)
                0x0380b9a4                vex::timer::time() const
 .text._ZN3vex5timer6systemEv
                0x0380b9c0        0x4 C:\Program Files (x86)\VEX Robotics\VEXcode Pro V5\sdk/vexv5\libv5rt.a(vex_timer.cpp.obj)
                0x0380b9c0                vex::timer::system()
 .text._ZN3vex11motor_group18motor_group_motorsC2Ev
                0x0380b9c4       0x28 C:\Program Files (x86)\VEX Robotics\VEXcode Pro V5\sdk/vexv5\libv5rt.a(vex_motorgroup.cpp.obj)
                0x0380b9c4                vex::motor_group::motor_group_motors::motor_group_motors()
                0x0380b9c4                vex::motor_group::motor_group_motors::motor_group_motors()
 .text._ZN3vex11motor_groupC2Ev
                0x0380b9ec       0x1c C:\Program Files (x86)\VEX Robotics\VEXcode Pro V5\sdk/vexv5\libv5rt.a(vex_motorgroup.cpp.obj)
                0x0380b9ec                vex::motor_group::motor_group()
                0x0380b9ec                vex::motor_group::motor_group()